Component: ARM Compiler 5.06 update 6 (build 750) Tool: armlink [4d35ed]

==============================================================================

Section Cross References

    system_nuc230_240.o(i.CLK_GetPLLClockFreq) refers to aeabi_sdiv.o(.text) for __aeabi_uidivmod
    system_nuc230_240.o(i.SystemCoreClockUpdate) refers to system_nuc230_240.o(i.CLK_GetPLLClockFreq) for CLK_GetPLLClockFreq
    system_nuc230_240.o(i.SystemCoreClockUpdate) refers to aeabi_sdiv.o(.text) for __aeabi_uidivmod
    system_nuc230_240.o(i.SystemCoreClockUpdate) refers to system_nuc230_240.o(.data) for PllClock
    startup_nuc230_240.o(STACK) refers (Special) to heapauxi.o(.text) for __use_two_region_memory
    startup_nuc230_240.o(HEAP) refers (Special) to heapauxi.o(.text) for __use_two_region_memory
    startup_nuc230_240.o(RESET) refers (Special) to heapauxi.o(.text) for __use_two_region_memory
    startup_nuc230_240.o(RESET) refers to startup_nuc230_240.o(STACK) for __initial_sp
    startup_nuc230_240.o(RESET) refers to startup_nuc230_240.o(.text) for Reset_Handler
    startup_nuc230_240.o(RESET) refers to retarget.o(.emb_text) for HardFault_Handler
    startup_nuc230_240.o(RESET) refers to irq.o(i.EINT1_IRQHandler) for EINT1_IRQHandler
    startup_nuc230_240.o(RESET) refers to cdc_serial.o(i.USBD_IRQHandler) for USBD_IRQHandler
    startup_nuc230_240.o(.text) refers (Special) to heapauxi.o(.text) for __use_two_region_memory
    startup_nuc230_240.o(.text) refers to system_nuc230_240.o(i.SystemInit) for SystemInit
    startup_nuc230_240.o(.text) refers to __main.o(!!!main) for __main
    startup_nuc230_240.o(.text) refers to startup_nuc230_240.o(HEAP) for Heap_Mem
    startup_nuc230_240.o(.text) refers to startup_nuc230_240.o(STACK) for Stack_Mem
    clk.o(i.CLK_DisableCKO) refers to clk.o(i.CLK_DisableModuleClock) for CLK_DisableModuleClock
    clk.o(i.CLK_DisableModuleClock) refers to clk.o(.constdata) for .constdata
    clk.o(i.CLK_EnableCKO) refers to clk.o(i.CLK_EnableModuleClock) for CLK_EnableModuleClock
    clk.o(i.CLK_EnableCKO) refers to clk.o(i.CLK_SetModuleClock) for CLK_SetModuleClock
    clk.o(i.CLK_EnableModuleClock) refers to clk.o(.constdata) for .constdata
    clk.o(i.CLK_EnablePLL) refers to clk.o(i.CLK_WaitClockReady) for CLK_WaitClockReady
    clk.o(i.CLK_EnablePLL) refers to aeabi_sdiv.o(.text) for __aeabi_uidivmod
    clk.o(i.CLK_EnablePLL) refers to clk.o(i.CLK_GetPLLClockFreq) for CLK_GetPLLClockFreq
    clk.o(i.CLK_GetCPUFreq) refers to system_nuc230_240.o(i.SystemCoreClockUpdate) for SystemCoreClockUpdate
    clk.o(i.CLK_GetCPUFreq) refers to system_nuc230_240.o(.data) for SystemCoreClock
    clk.o(i.CLK_GetHCLKFreq) refers to system_nuc230_240.o(i.SystemCoreClockUpdate) for SystemCoreClockUpdate
    clk.o(i.CLK_GetHCLKFreq) refers to system_nuc230_240.o(.data) for SystemCoreClock
    clk.o(i.CLK_GetPCLKFreq) refers to system_nuc230_240.o(i.SystemCoreClockUpdate) for SystemCoreClockUpdate
    clk.o(i.CLK_GetPCLKFreq) refers to system_nuc230_240.o(.data) for SystemCoreClock
    clk.o(i.CLK_GetPLLClockFreq) refers to aeabi_sdiv.o(.text) for __aeabi_uidivmod
    clk.o(i.CLK_SetCoreClock) refers to clk.o(i.CLK_EnablePLL) for CLK_EnablePLL
    clk.o(i.CLK_SetCoreClock) refers to clk.o(i.CLK_SetHCLK) for CLK_SetHCLK
    clk.o(i.CLK_SetCoreClock) refers to aeabi_sdiv.o(.text) for __aeabi_uidivmod
    clk.o(i.CLK_SetHCLK) refers to system_nuc230_240.o(i.SystemCoreClockUpdate) for SystemCoreClockUpdate
    clk.o(i.CLK_SetModuleClock) refers to clk.o(.constdata) for .constdata
    retarget.o(.emb_text) refers to retarget.o(i.Hard_Fault_Handler) for Hard_Fault_Handler
    retarget.o(i.GetChar) refers to retarget.o(.emb_text) for SH_DoCommand
    retarget.o(i.Hard_Fault_Handler) refers to __2printf.o(.text) for __2printf
    retarget.o(i.Hard_Fault_Handler) refers to retarget.o(i.stackDump) for stackDump
    retarget.o(i.SendChar) refers to retarget.o(.emb_text) for SH_DoCommand
    retarget.o(i.SendChar) refers to retarget.o(i.SendChar_ToUART) for SendChar_ToUART
    retarget.o(i.SendChar) refers to retarget.o(.data) for g_buf_len
    retarget.o(i.SendChar) refers to retarget.o(.bss) for g_buf
    retarget.o(i._sys_exit) refers to retarget.o(.emb_text) for SH_DoCommand
    retarget.o(i._sys_exit) refers to retarget.o(i.IsDebugFifoEmpty) for IsDebugFifoEmpty
    retarget.o(i._ttywrch) refers to retarget.o(i.SendChar) for SendChar
    retarget.o(i.fgetc) refers to retarget.o(i.GetChar) for GetChar
    retarget.o(i.fputc) refers to retarget.o(i.SendChar) for SendChar
    retarget.o(i.stackDump) refers to _printf_percent.o(.ARM.Collect$$_printf_percent$$00000000) for _printf_percent
    retarget.o(i.stackDump) refers to _printf_x.o(.ARM.Collect$$_printf_percent$$0000000C) for _printf_x
    retarget.o(i.stackDump) refers to _printf_hex_int_ll_ptr.o(.text) for _printf_longlong_hex
    retarget.o(i.stackDump) refers to __2printf.o(.text) for __2printf
[...]
    .ARM.Collect$$libinit$$0000001B          0x00000220   Section        0  libinit2.o(.ARM.Collect$$libinit$$0000001B)
    .ARM.Collect$$libinit$$0000001D          0x00000220   Section        0  libinit2.o(.ARM.Collect$$libinit$$0000001D)
    .ARM.Collect$$libinit$$0000001F          0x00000220   Section        0  libinit2.o(.ARM.Collect$$libinit$$0000001F)
    .ARM.Collect$$libinit$$00000021          0x00000220   Section        0  libinit2.o(.ARM.Collect$$libinit$$00000021)
    .ARM.Collect$$libinit$$00000023          0x00000220   Section        0  libinit2.o(.ARM.Collect$$libinit$$00000023)
    .ARM.Collect$$libinit$$00000025          0x00000220   Section        0  libinit2.o(.ARM.Collect$$libinit$$00000025)
    .ARM.Collect$$libinit$$0000002C          0x00000220   Section        0  libinit2.o(.ARM.Collect$$libinit$$0000002C)
    .ARM.Collect$$libinit$$0000002E          0x00000220   Section        0  libinit2.o(.ARM.Collect$$libinit$$0000002E)
    .ARM.Collect$$libinit$$00000030          0x00000220   Section        0  libinit2.o(.ARM.Collect$$libinit$$00000030)
    .ARM.Collect$$libinit$$00000032          0x00000220   Section        0  libinit2.o(.ARM.Collect$$libinit$$00000032)
    .ARM.Collect$$libinit$$00000033          0x00000220   Section        2  libinit2.o(.ARM.Collect$$libinit$$00000033)
    .ARM.Collect$$libshutdown$$00000000      0x00000222   Section        2  libshutdown.o(.ARM.Collect$$libshutdown$$00000000)
    .ARM.Collect$$libshutdown$$00000002      0x00000224   Section        0  libshutdown2.o(.ARM.Collect$$libshutdown$$00000002)
    .ARM.Collect$$libshutdown$$00000004      0x00000224   Section        0  libshutdown2.o(.ARM.Collect$$libshutdown$$00000004)
    .ARM.Collect$$libshutdown$$00000007      0x00000224   Section        0  libshutdown2.o(.ARM.Collect$$libshutdown$$00000007)
    .ARM.Collect$$libshutdown$$0000000A      0x00000224   Section        0  libshutdown2.o(.ARM.Collect$$libshutdown$$0000000A)
    .ARM.Collect$$libshutdown$$0000000C      0x00000224   Section        0  libshutdown2.o(.ARM.Collect$$libshutdown$$0000000C)
    .ARM.Collect$$libshutdown$$0000000F      0x00000224   Section        0  libshutdown2.o(.ARM.Collect$$libshutdown$$0000000F)
    .ARM.Collect$$libshutdown$$00000010      0x00000224   Section        2  libshutdown2.o(.ARM.Collect$$libshutdown$$00000010)
    .ARM.Collect$$rtentry$$00000000          0x00000226   Section        0  __rtentry.o(.ARM.Collect$$rtentry$$00000000)
    .ARM.Collect$$rtentry$$00000002          0x00000226   Section        0  __rtentry2.o(.ARM.Collect$$rtentry$$00000002)
    .ARM.Collect$$rtentry$$00000004          0x00000226   Section        6  __rtentry4.o(.ARM.Collect$$rtentry$$00000004)
    .ARM.Collect$$rtentry$$00000009          0x0000022c   Section        0  __rtentry2.o(.ARM.Collect$$rtentry$$00000009)
    .ARM.Collect$$rtentry$$0000000A          0x0000022c   Section        4  __rtentry2.o(.ARM.Collect$$rtentry$$0000000A)
    .ARM.Collect$$rtentry$$0000000C          0x00000230   Section        0  __rtentry2.o(.ARM.Collect$$rtentry$$0000000C)
    .ARM.Collect$$rtentry$$0000000D          0x00000230   Section        8  __rtentry2.o(.ARM.Collect$$rtentry$$0000000D)
    .ARM.Collect$$rtexit$$00000000           0x00000238   Section        2  rtexit.o(.ARM.Collect$$rtexit$$00000000)
    .ARM.Collect$$rtexit$$00000002           0x0000023a   Section        0  rtexit2.o(.ARM.Collect$$rtexit$$00000002)
    .ARM.Collect$$rtexit$$00000003           0x0000023a   Section        4  rtexit2.o(.ARM.Collect$$rtexit$$00000003)
    .ARM.Collect$$rtexit$$00000004           0x0000023e   Section        6  rtexit2.o(.ARM.Collect$$rtexit$$00000004)
    .emb_text                                0x00000244   Section       86  retarget.o(.emb_text)
    .emb_text                                0x0000029c   Section       56  rt_memcpy.o(.emb_text)
    .text                                    0x000002d4   Section      100  startup_nuc230_240.o(.text)
    Default_Handler                          0x000002ff   Thumb Code     2  startup_nuc230_240.o(.text)
    .text                                    0x00000338   Section        0  vsprintf.o(.text)
    .text                                    0x0000035c   Section        0  __2printf.o(.text)
    .text                                    0x00000378   Section        0  _printf_str.o(.text)
    .text                                    0x000003cc   Section        0  _printf_dec.o(.text)
    .text                                    0x00000438   Section        0  _printf_hex_int_ll_ptr.o(.text)
    _printf_hex_common                       0x00000439   Thumb Code     0  _printf_hex_int_ll_ptr.o(.text)
    .text                                    0x000004d0   Section        0  __printf_flags_ss_wp.o(.text)
    .text                                    0x00000658   Section        0  rt_memcpy.o(.text)
    .text                                    0x000006da   Section      346  aeabi_sdiv.o(.text)
    .text                                    0x00000834   Section        0  heapauxi.o(.text)
    .text                                    0x0000083a   Section        0  _printf_pad.o(.text)
    .text                                    0x00000888   Section        0  _printf_truncate.o(.text)
    .text                                    0x000008ac   Section        0  _printf_intcommon.o(.text)
    .text                                    0x0000095c   Section        0  _printf_charcount.o(.text)
    .text                                    0x00000984   Section        0  _printf_fp_dec.o(.text)
    _fp_digits                               0x00000987   Thumb Code   412  _printf_fp_dec.o(.text)
    .text                                    0x00000d9c   Section        0  _printf_char_common.o(.text)
    _printf_input_char                       0x00000d9d   Thumb Code    10  _printf_char_common.o(.text)
    .text                                    0x00000dcc   Section        0  _sputc.o(.text)
    .text                                    0x00000dd6   Section        0  _printf_char.o(.text)
    .text                                    0x00000e04   Section        0  _printf_char_file.o(.text)
    .text                                    0x00000e2c   Section        0  _printf_wctomb.o(.text)
    .text                                    0x00000ee8   Section        0  _printf_longlong_dec.o(.text)
    .text                                    0x00000f58   Section        0  _printf_oct_int_ll.o(.text)
    _printf_longlong_oct_internal            0x00000f59   Thumb Code     0  _printf_oct_int_ll.o(.text)
    .text                                    0x00000fc8   Section        0  rtudiv10.o(.text)
    .text                                    0x00000ff0   Section        8  rt_locale_intlibspace.o(.text)
    .text                                    0x00000ff8   Section        0  lludiv10.o(.text)
    .text                                    0x00001074   Section        0  _printf_fp_hex.o(.text)
    .text                                    0x0000134c   Section        0  _printf_fp_infnan.o(.text)
    .text                                    0x000013d4   Section        0  _printf_wchar.o(.text)
    .text                                    0x00001404   Section        0  bigflt0.o(.text)
    .text                                    0x000014dc   Section        0  btod.o(.text)
    btod_internal_mul                        0x0000151d   Thumb Code   492  btod.o(.text)
    btod_internal_div                        0x00001709   Thumb Code   520  btod.o(.text)
    .text                                    0x00001a5c   Section        0  _wcrtomb.o(.text)
    .text                                    0x00001a9c   Section        8  libspace.o(.text)
    .text                                    0x00001aa4   Section       62  sys_stackheap_outer.o(.text)
    .text                                    0x00001ae4   Section       16  rt_ctype_table.o(.text)
    .text                                    0x00001af4   Section        0  exit.o(.text)
    .text                                    0x00001b04   Section        0  strcmp.o(.text)
    .text                                    0x00001b8c   Section        0  __dczerorl2.o(.text)
    i.CLK_EnableModuleClock                  0x00001be4   Section        0  clk.o(i.CLK_EnableModuleClock)
    i.CLK_EnablePLL                          0x00001c20   Section        0  clk.o(i.CLK_EnablePLL)
    i.CLK_EnableXtalRC                       0x00001da4   Section        0  clk.o(i.CLK_EnableXtalRC)
    i.CLK_GetCPUFreq                         0x00001db4   Section        0  clk.o(i.CLK_GetCPUFreq)
    i.CLK_GetHCLKFreq                        0x00001dc4   Section        0  clk.o(i.CLK_GetHCLKFreq)
    i.CLK_GetPLLClockFreq                    0x00001dd4   Section        0  system_nuc230_240.o(i.CLK_GetPLLClockFreq)
    CLK_GetPLLClockFreq                      0x00001dd5   Thumb Code   112  system_nuc230_240.o(i.CLK_GetPLLClockFreq)
    i.CLK_GetPLLClockFreq                    0x00001e54   Section        0  clk.o(i.CLK_GetPLLClockFreq)
    CLK_GetPLLClockFreq                      0x00001e55   Thumb Code   112  clk.o(i.CLK_GetPLLClockFreq)
    i.CLK_GetPLLClockFreq                    0x00001ed4   Section        0  spi.o(i.CLK_GetPLLClockFreq)
    CLK_GetPLLClockFreq                      0x00001ed5   Thumb Code   112  spi.o(i.CLK_GetPLLClockFreq)
    i.CLK_GetPLLClockFreq                    0x00001f54   Section        0  uart.o(i.CLK_GetPLLClockFreq)
    CLK_GetPLLClockFreq                      0x00001f55   Thumb Code   112  uart.o(i.CLK_GetPLLClockFreq)
    i.CLK_SetCoreClock                       0x00001fd4   Section        0  clk.o(i.CLK_SetCoreClock)
    i.CLK_SetHCLK                            0x000020c8   Section        0  clk.o(i.CLK_SetHCLK)
    i.CLK_SetModuleClock                     0x00002134   Section        0  clk.o(i.CLK_SetModuleClock)
    i.CLK_SysTickDelay                       0x0000223c   Section        0  project.o(i.CLK_SysTickDelay)
    CLK_SysTickDelay                         0x0000223d   Thumb Code    42  project.o(i.CLK_SysTickDelay)
    i.CLK_WaitClockReady                     0x00002270   Section        0  clk.o(i.CLK_WaitClockReady)
    i.ClkSetup                               0x00002298   Section        0  project.o(i.ClkSetup)
    i.DelayUs                                0x000022e4   Section        0  project.o(i.DelayUs)
    i.EINT1_IRQHandler                       0x00002324   Section        0  irq.o(i.EINT1_IRQHandler)
    i.EP2_Handler                            0x000023bc   Section        0  irq.o(i.EP2_Handler)
    i.EP3_Handler                            0x000023c8   Section        0  irq.o(i.EP3_Handler)
    i.FIFO_ByteIn                            0x000023fc   Section        0  fifo.o(i.FIFO_ByteIn)
    i.FIFO_New                               0x00002434   Section        0  fifo.o(i.FIFO_New)
    i.GPIO_EnableInt                         0x00002494   Section        0  gpio.o(i.GPIO_EnableInt)
    i.GPIO_SetMode                           0x000024ae   Section        0  gpio.o(i.GPIO_SetMode)
    i.GpioSetup                              0x000024dc   Section        0  project.o(i.GpioSetup)
    i.Hard_Fault_Handler                     0x00002534   Section        0  retarget.o(i.Hard_Fault_Handler)
    __tagsym$$used                           0x00002535   Number         0  retarget.o(i.Hard_Fault_Handler)
    i.IsDebugFifoEmpty                       0x00002560   Section        0  retarget.o(i.IsDebugFifoEmpty)
    i.NRF_FlushRx                            0x00002574   Section        0  nrf24l01.o(i.NRF_FlushRx)
    i.NRF_New                                0x00002590   Section        0  nrf24l01.o(i.NRF_New)
    i.NRF_Nop                                0x000025ae   Section        0  nrf24l01.o(i.NRF_Nop)
    i.NRF_ReadRegArray                       0x000025cc   Section        0  nrf24l01.o(i.NRF_ReadRegArray)
    i.NRF_ReadRegByte                        0x00002602   Section        0  nrf24l01.o(i.NRF_ReadRegByte)
    i.NRF_RxMode                             0x0000262a   Section        0  nrf24l01.o(i.NRF_RxMode)
    i.NRF_WriteRegArray                      0x00002650   Section        0  nrf24l01.o(i.NRF_WriteRegArray)
    i.NRF_WriteRegByte                       0x0000268c   Section        0  nrf24l01.o(i.NRF_WriteRegByte)
    i.NVIC_EnableIRQ                         0x000026b8   Section        0  project.o(i.NVIC_EnableIRQ)
    NVIC_EnableIRQ                           0x000026b9   Thumb Code    14  project.o(i.NVIC_EnableIRQ)
    i.NVIC_Init                              0x000026cc   Section        0  project.o(i.NVIC_Init)
    i.PinSetup                               0x000026dc   Section        0  project.o(i.PinSetup)
    i.ResetCE                                0x00002728   Section        0  portable.o(i.ResetCE)
    i.SPI1_DSS                               0x00002734   Section        0  portable.o(i.SPI1_DSS)
    i.SPI1_Dummy                             0x00002748   Section        0  portable.o(i.SPI1_Dummy)
    i.SPI1_ReadByte                          0x00002768   Section        0  portable.o(i.SPI1_ReadByte)
    i.SPI1_SS                                0x00002790   Section        0  portable.o(i.SPI1_SS)
    i.SPI1_WriteByte                         0x000027a4   Section        0  portable.o(i.SPI1_WriteByte)
    i.SPI_Open                               0x000027d0   Section        0  spi.o(i.SPI_Open)
    i.SendChar                               0x000029e4   Section        0  retarget.o(i.SendChar)
    i.SendChar_ToUART                        0x00002a54   Section        0  retarget.o(i.SendChar_ToUART)
    i.SetCE                                  0x00002a88   Section        0  portable.o(i.SetCE)
    i.SpiSetup                               0x00002a9c   Section        0  project.o(i.SpiSetup)
    i.SystemCoreClockUpdate                  0x00002ac4   Section        0  system_nuc230_240.o(i.SystemCoreClockUpdate)
    i.SystemInit                             0x00002b28   Section        0  system_nuc230_240.o(i.SystemInit)
    i.UART_Open                              0x00002b2c   Section        0  uart.o(i.UART_Open)
    i.USBD_CtrlIn                            0x00002be4   Section        0  usbd.o(i.USBD_CtrlIn)
    i.USBD_CtrlOut                           0x00002cd4   Section        0  usbd.o(i.USBD_CtrlOut)
    i.USBD_GetDescriptor                     0x00002d38   Section        0  usbd.o(i.USBD_GetDescriptor)
    i.USBD_GetSetupPacket                    0x00002ecc   Section        0  usbd.o(i.USBD_GetSetupPacket)
    i.USBD_IRQHandler                        0x00002ee0   Section        0  cdc_serial.o(i.USBD_IRQHandler)
    i.USBD_MemCopy                           0x00003050   Section        0  usbd.o(i.USBD_MemCopy)
    USBD_MemCopy                             0x00003051   Thumb Code    22  usbd.o(i.USBD_MemCopy)
    i.USBD_MemCopy                           0x00003066   Section        0  cdc_serial.o(i.USBD_MemCopy)
    USBD_MemCopy                             0x00003067   Thumb Code    22  cdc_serial.o(i.USBD_MemCopy)
    i.USBD_Open                              0x0000307c   Section        0  usbd.o(i.USBD_Open)
    i.USBD_PrepareCtrlIn                     0x000030c4   Section        0  usbd.o(i.USBD_PrepareCtrlIn)
    i.USBD_PrepareCtrlOut                    0x0000314c   Section        0  usbd.o(i.USBD_PrepareCtrlOut)
    i.USBD_ProcessSetupPacket                0x00003178   Section        0  usbd.o(i.USBD_ProcessSetupPacket)
    i.USBD_SetStall                          0x000031f4   Section        0  cdc_serial.o(i.USBD_SetStall)
    USBD_SetStall                            0x000031f5   Thumb Code    50  cdc_serial.o(i.USBD_SetStall)
    i.USBD_StandardRequest                   0x0000322c   Section        0  usbd.o(i.USBD_StandardRequest)
    i.USBD_Start                             0x00003564   Section        0  usbd.o(i.USBD_Start)
    i.USBD_SwReset                           0x000035cc   Section        0  usbd.o(i.USBD_SwReset)
    i.UartSetup                              0x00003640   Section        0  project.o(i.UartSetup)
    i.UsbSetup                               0x0000365c   Section        0  project.o(i.UsbSetup)
    i.VCOM_ClassRequest                      0x00003680   Section        0  cdc_serial.o(i.VCOM_ClassRequest)
    i.VCOM_Init                              0x00003750   Section        0  cdc_serial.o(i.VCOM_Init)
    i.VCOM_Tx                                0x00003798   Section        0  cdc_serial.o(i.VCOM_Tx)
    i.__ARM_common_ll_muluu                  0x00003804   Section        0  btod.o(i.__ARM_common_ll_muluu)
    i.__ARM_fpclassify                       0x00003834   Section        0  fpclassify.o(i.__ARM_fpclassify)
    i._is_digit                              0x00003860   Section        0  __printf_wp.o(i._is_digit)
    i._sys_exit                              0x00003870   Section        0  retarget.o(i._sys_exit)
    i.ferror                                 0x00003890   Section        0  retarget.o(i.ferror)
    i.fputc                                  0x00003898   Section        0  retarget.o(i.fputc)
    i.main                                   0x000038a8   Section        0  main.o(i.main)
    i.nrfP2p_InitNrf                         0x0000398c   Section        0  nrf_p2p.o(i.nrfP2p_InitNrf)
    i.nrfP2p_NewChannel                      0x000039f4   Section        0  nrf_p2p.o(i.nrfP2p_NewChannel)
    i.printReg                               0x00003b1c   Section        0  main.o(i.printReg)
    i.stackDump                              0x00003c74   Section        0  retarget.o(i.stackDump)
    stackDump                                0x00003c75   Thumb Code    70  retarget.o(i.stackDump)
    i.vMemAlloc                              0x00003d1c   Section        0  vmemalloc.o(i.vMemAlloc)
    i.vMemInit                               0x00003de0   Section        0  vmemalloc.o(i.vMemInit)
    vMemInit                                 0x00003de1   Thumb Code    86  vmemalloc.o(i.vMemInit)
    i.vcomPrintf                             0x00003e4c   Section        0  cdc_serial.o(i.vcomPrintf)
    locale$$code                             0x00003e7c   Section       44  lc_numeric_c.o(locale$$code)
    locale$$code                             0x00003ea8   Section       44  lc_ctype_c.o(locale$$code)
    x$fpl$printf1                            0x00003ed4   Section       16  printf1.o(x$fpl$printf1)
    x$fpl$printf2                            0x00003ee4   Section       16  printf2.o(x$fpl$printf2)
    .constdata                               0x00003ef4   Section       56  clk.o(.constdata)
    x$fpl$usenofp                            0x00003ef4   Section        0  usenofp.o(x$fpl$usenofp)
    .constdata                               0x00003f2c   Section       48  uart.o(.constdata)
    .constdata                               0x00003f5c   Section       10  main.o(.constdata)
    .constdata                               0x00003f68   Section       52  descriptors.o(.constdata)
    .constdata                               0x00003f9c   Section       40  _printf_hex_int_ll_ptr.o(.constdata)
    uc_hextab                                0x00003f9c   Data          20  _printf_hex_int_ll_ptr.o(.constdata)
    lc_hextab                                0x00003fb0   Data          20  _printf_hex_int_ll_ptr.o(.constdata)
    .constdata                               0x00003fc4   Section       17  __printf_flags_ss_wp.o(.constdata)
    maptable                                 0x00003fc4   Data          17  __printf_flags_ss_wp.o(.constdata)
    .constdata                               0x00003fd8   Section        8  _printf_wctomb.o(.constdata)
    initial_mbstate                          0x00003fd8   Data           8  _printf_wctomb.o(.constdata)
    .constdata                               0x00003fe0   Section       38  _printf_fp_hex.o(.constdata)
    lc_hextab                                0x00003fe0   Data          19  _printf_fp_hex.o(.constdata)
    uc_hextab                                0x00003ff3   Data          19  _printf_fp_hex.o(.constdata)
    .constdata                               0x00004008   Section      148  bigflt0.o(.constdata)
    tenpwrs_x                                0x00004008   Data          60  bigflt0.o(.constdata)
    tenpwrs_i                                0x00004044   Data          64  bigflt0.o(.constdata)
    locale$$data                             0x000040bc   Section       28  lc_numeric_c.o(locale$$data)
    __lcnum_c_name                           0x000040c0   Data           2  lc_numeric_c.o(locale$$data)
    __lcnum_c_start                          0x000040c8   Data           0  lc_numeric_c.o(locale$$data)
    __lcnum_c_point                          0x000040d4   Data           0  lc_numeric_c.o(locale$$data)
    __lcnum_c_thousands                      0x000040d6   Data           0  lc_numeric_c.o(locale$$data)
    __lcnum_c_grouping                       0x000040d7   Data           0  lc_numeric_c.o(locale$$data)
    locale$$data                             0x000040d8   Section      272  lc_ctype_c.o(locale$$data)
    __lcnum_c_end                            0x000040d8   Data           0  lc_numeric_c.o(locale$$data)
    __lcctype_c_name                         0x000040dc   Data           2  lc_ctype_c.o(locale$$data)
    __lcctype_c_start                        0x000040e4   Data           0  lc_ctype_c.o(locale$$data)
    __lcctype_c_end                          0x000041e8   Data           0  lc_ctype_c.o(locale$$data)
    .data                                    0x20000000   Section       44  system_nuc230_240.o(.data)
    .data                                    0x2000002c   Section        9  retarget.o(.data)
    g_buf_len                                0x20000034   Data           1  retarget.o(.data)
    .data                                    0x20000038   Section       73  usbd.o(.data)
    g_usbd_CtrlInPointer                     0x20000044   Data           4  usbd.o(.data)
    g_usbd_CtrlInSize                        0x20000048   Data           4  usbd.o(.data)
    g_usbd_CtrlOutPointer                    0x2000004c   Data           4  usbd.o(.data)
    g_usbd_CtrlOutSize                       0x20000050   Data           4  usbd.o(.data)
    g_usbd_CtrlOutSizeLimit                  0x20000054   Data           4  usbd.o(.data)
    g_usbd_UsbAddr                           0x20000058   Data           4  usbd.o(.data)
    g_usbd_UsbConfig                         0x2000005c   Data           4  usbd.o(.data)
    g_usbd_CtrlMaxPktSize                    0x20000060   Data           4  usbd.o(.data)
    g_usbd_UsbAltInterface                   0x20000064   Data           4  usbd.o(.data)
    u8ZeroFlag                               0x20000080   Data           1  usbd.o(.data)
    .data                                    0x20000084   Section       16  vmemalloc.o(.data)
    FreeSize                                 0x20000084   Data           4  vmemalloc.o(.data)
    .data                                    0x20000094   Section       48  main.o(.data)
    .data                                    0x200000c4   Section       20  portable.o(.data)
    .data                                    0x200000d8   Section      156  descriptors.o(.data)
    .data                                    0x20000174   Section       11  cdc_serial.o(.data)
    gLineCoding                              0x20000174   Data           8  cdc_serial.o(.data)
    vcom_ctrlSignal                          0x2000017c   Data           2  cdc_serial.o(.data)
    .bss                                     0x20000180   Section       16  retarget.o(.bss)
    g_buf                                    0x20000180   Data          16  retarget.o(.bss)
    .bss                                     0x20000190   Section     5000  vmemalloc.o(.bss)
    memArr                                   0x20000190   Data        5000  vmemalloc.o(.bss)
    .bss                                     0x20001518   Section       96  libspace.o(.bss)
    HEAP                                     0x20001578   Section        0  startup_nuc230_240.o(HEAP)
    STACK                                    0x20001578   Section     1024  startup_nuc230_240.o(STACK)
    Heap_Mem                                 0x20001578   Data           0  startup_nuc230_240.o(HEAP)
    Stack_Mem                                0x20001578   Data        1024  startup_nuc230_240.o(STACK)
    __initial_sp                             0x20001978   Data           0  startup_nuc230_240.o(STACK)

    Global Symbols

    Symbol Name                              Value     Ov Type        Size  Object(Section)

    BuildAttributes$$THM_ISAv3M$S$PE$A:L22$X:L11$S22$IEEE1$IW$USESV6$~STKCKD$USESV7$~SHL$OTIME$ROPI$IEEEJ$EBA8$UX$STANDARDLIB$REQ8$PRES8$EABIv2 0x00000000   Number         0  anon$$obj.o ABSOLUTE
    __ARM_use_no_argv                        0x00000000   Number         0  main.o ABSOLUTE
    __Vectors                                0x00000000   Data           4  startup_nuc230_240.o(RESET)
    _printf_flags                            0x00000000   Number         0  printf_stubs.o ABSOLUTE
    _printf_return_value                     0x00000000   Number         0  printf_stubs.o ABSOLUTE
    _printf_sizespec                         0x00000000   Number         0  printf_stubs.o ABSOLUTE
    _printf_widthprec                        0x00000000   Number         0  printf_stubs.o ABSOLUTE
    __ARM_exceptions_init                     - Undefined Weak Reference
    __alloca_initialize                       - Undefined Weak Reference
    __arm_preinit_                            - Undefined Weak Reference
    __cpp_initialize__aeabi_                  - Undefined Weak Reference
    __cxa_finalize                            - Undefined Weak Reference
    __sigvec_lookup                           - Undefined Weak Reference
    _atexit_init                              - Undefined Weak Reference
    _call_atexit_fns                          - Undefined Weak Reference
    _clock_init                               - Undefined Weak Reference
    _fp_trap_init                             - Undefined Weak Reference
    _fp_trap_shutdown                         - Undefined Weak Reference
    _get_lc_collate                           - Undefined Weak Reference
    _get_lc_monetary                          - Undefined Weak Reference
    _get_lc_time                              - Undefined Weak Reference
    _getenv_init                              - Undefined Weak Reference
    _handle_redirection                       - Undefined Weak Reference
    _init_alloc                               - Undefined Weak Reference
    _init_user_alloc                          - Undefined Weak Reference
    _initio                                   - Undefined Weak Reference
    _printf_mbtowc                            - Undefined Weak Reference
    _printf_wc                                - Undefined Weak Reference
    _rand_init                                - Undefined Weak Reference
    _signal_finish                            - Undefined Weak Reference
    _signal_init                              - Undefined Weak Reference
    _terminate_alloc                          - Undefined Weak Reference
    _terminate_user_alloc                     - Undefined Weak Reference
    _terminateio                              - Undefined Weak Reference
    __main                                   0x000000c1   Thumb Code     8  __main.o(!!!main)
    __scatterload                            0x000000c9   Thumb Code     0  __scatter.o(!!!scatter)
    __scatterload_rt2                        0x000000c9   Thumb Code    52  __scatter.o(!!!scatter)
    __scatterload_rt2_thumb_only             0x000000c9   Thumb Code     0  __scatter.o(!!!scatter)
    __scatterload_null                       0x000000d9   Thumb Code     0  __scatter.o(!!!scatter)
    __scatterload_zeroinit                   0x00000105   Thumb Code    28  __scatter_zi.o(!!handler_zi)
    _printf_percent                          0x00000121   Thumb Code     0  _printf_percent.o(.ARM.Collect$$_printf_percent$$00000000)
    _printf_n                                0x00000123   Thumb Code     0  _printf_n.o(.ARM.Collect$$_printf_percent$$00000001)
    _printf_p                                0x0000012d   Thumb Code     0  _printf_p.o(.ARM.Collect$$_printf_percent$$00000002)
    _printf_f                                0x00000137   Thumb Code     0  _printf_f.o(.ARM.Collect$$_printf_percent$$00000003)
    _printf_e                                0x00000141   Thumb Code     0  _printf_e.o(.ARM.Collect$$_printf_percent$$00000004)
    _printf_g                                0x0000014b   Thumb Code     0  _printf_g.o(.ARM.Collect$$_printf_percent$$00000005)
    _printf_a                                0x00000155   Thumb Code     0  _printf_a.o(.ARM.Collect$$_printf_percent$$00000006)
    _printf_ll                               0x0000015f   Thumb Code     0  _printf_ll.o(.ARM.Collect$$_printf_percent$$00000007)
    _printf_i                                0x00000169   Thumb Code     0  _printf_i.o(.ARM.Collect$$_printf_percent$$00000008)
    _printf_d                                0x00000173   Thumb Code     0  _printf_d.o(.ARM.Collect$$_printf_percent$$00000009)
    _printf_u                                0x0000017d   Thumb Code     0  _printf_u.o(.ARM.Collect$$_printf_percent$$0000000A)
    _printf_o                                0x00000187   Thumb Code     0  _printf_o.o(.ARM.Collect$$_printf_percent$$0000000B)
    _printf_x                                0x00000191   Thumb Code     0  _printf_x.o(.ARM.Collect$$_printf_percent$$0000000C)
    _printf_lli                              0x0000019b   Thumb Code     0  _printf_lli.o(.ARM.Collect$$_printf_percent$$0000000D)
    _printf_lld                              0x000001a5   Thumb Code     0  _printf_lld.o(.ARM.Collect$$_printf_percent$$0000000E)
    _printf_llu                              0x000001af   Thumb Code     0  _printf_llu.o(.ARM.Collect$$_printf_percent$$0000000F)
    _printf_llo                              0x000001b9   Thumb Code     0  _printf_llo.o(.ARM.Collect$$_printf_percent$$00000010)
    _printf_llx                              0x000001c3   Thumb Code     0  _printf_llx.o(.ARM.Collect$$_printf_percent$$00000011)
    _printf_l                                0x000001cd   Thumb Code     0  _printf_l.o(.ARM.Collect$$_printf_percent$$00000012)
    _printf_c                                0x000001d7   Thumb Code     0  _printf_c.o(.ARM.Collect$$_printf_percent$$00000013)
    _printf_s                                0x000001e1   Thumb Code     0  _printf_s.o(.ARM.Collect$$_printf_percent$$00000014)
    _printf_lc                               0x000001eb   Thumb Code     0  _printf_lc.o(.ARM.Collect$$_printf_percent$$00000015)
    _printf_ls                               0x000001f5   Thumb Code     0  _printf_ls.o(.ARM.Collect$$_printf_percent$$00000016)
    _printf_percent_end                      0x000001ff   Thumb Code     0  _printf_percent_end.o(.ARM.Collect$$_printf_percent$$00000017)
    __rt_lib_init                            0x00000203   Thumb Code     0  libinit.o(.ARM.Collect$$libinit$$00000000)
    __rt_lib_init_fp_1                       0x00000205   Thumb Code     0  libinit2.o(.ARM.Collect$$libinit$$00000002)
    __rt_lib_init_heap_1                     0x00000205   Thumb Code     0  libinit2.o(.ARM.Collect$$libinit$$0000000A)
    __rt_lib_init_lc_common                  0x00000205   Thumb Code     0  libinit2.o(.ARM.Collect$$libinit$$0000000F)
    __rt_lib_init_preinit_1                  0x00000205   Thumb Code     0  libinit2.o(.ARM.Collect$$libinit$$00000004)
    __rt_lib_init_rand_1                     0x00000205   Thumb Code     0  libinit2.o(.ARM.Collect$$libinit$$0000000E)
    __rt_lib_init_user_alloc_1               0x00000205   Thumb Code     0  libinit2.o(.ARM.Collect$$libinit$$0000000C)
    __rt_lib_init_lc_collate_1               0x0000020b   Thumb Code     0  libinit2.o(.ARM.Collect$$libinit$$00000011)
    __rt_lib_init_lc_ctype_2                 0x0000020b   Thumb Code     0  libinit2.o(.ARM.Collect$$libinit$$00000012)
    __rt_lib_init_lc_ctype_1                 0x00000217   Thumb Code     0  libinit2.o(.ARM.Collect$$libinit$$00000013)
    __rt_lib_init_lc_monetary_1              0x00000217   Thumb Code     0  libinit2.o(.ARM.Collect$$libinit$$00000015)
    __rt_lib_init_lc_numeric_2               0x00000217   Thumb Code     0  libinit2.o(.ARM.Collect$$libinit$$00000016)
    __rt_lib_init_alloca_1                   0x00000221   Thumb Code     0  libinit2.o(.ARM.Collect$$libinit$$0000002E)
    __rt_lib_init_argv_1                     0x00000221   Thumb Code     0  libinit2.o(.ARM.Collect$$libinit$$0000002C)
    __rt_lib_init_atexit_1                   0x00000221   Thumb Code     0  libinit2.o(.ARM.Collect$$libinit$$0000001B)
    __rt_lib_init_clock_1                    0x00000221   Thumb Code     0  libinit2.o(.ARM.Collect$$libinit$$00000021)
    __rt_lib_init_cpp_1                      0x00000221   Thumb Code     0  libinit2.o(.ARM.Collect$$libinit$$00000032)
    __rt_lib_init_exceptions_1               0x00000221   Thumb Code     0  libinit2.o(.ARM.Collect$$libinit$$00000030)
    __rt_lib_init_fp_trap_1                  0x00000221   Thumb Code     0  libinit2.o(.ARM.Collect$$libinit$$0000001F)
    __rt_lib_init_getenv_1                   0x00000221   Thumb Code     0  libinit2.o(.ARM.Collect$$libinit$$00000023)
    __rt_lib_init_lc_numeric_1               0x00000221   Thumb Code     0  libinit2.o(.ARM.Collect$$libinit$$00000017)
    __rt_lib_init_lc_time_1                  0x00000221   Thumb Code     0  libinit2.o(.ARM.Collect$$libinit$$00000019)
    __rt_lib_init_return                     0x00000221   Thumb Code     0  libinit2.o(.ARM.Collect$$libinit$$00000033)
    __rt_lib_init_signal_1                   0x00000221   Thumb Code     0  libinit2.o(.ARM.Collect$$libinit$$0000001D)
    __rt_lib_init_stdio_1                    0x00000221   Thumb Code     0  libinit2.o(.ARM.Collect$$libinit$$00000025)
    __rt_lib_shutdown                        0x00000223   Thumb Code     0  libshutdown.o(.ARM.Collect$$libshutdown$$00000000)
    __rt_lib_shutdown_cpp_1                  0x00000225   Thumb Code     0  libshutdown2.o(.ARM.Collect$$libshutdown$$00000002)
    __rt_lib_shutdown_fp_trap_1              0x00000225   Thumb Code     0  libshutdown2.o(.ARM.Collect$$libshutdown$$00000007)
    __rt_lib_shutdown_heap_1                 0x00000225   Thumb Code     0  libshutdown2.o(.ARM.Collect$$libshutdown$$0000000F)
    __rt_lib_shutdown_return                 0x00000225   Thumb Code     0  libshutdown2.o(.ARM.Collect$$libshutdown$$00000010)
    __rt_lib_shutdown_signal_1               0x00000225   Thumb Code     0  libshutdown2.o(.ARM.Collect$$libshutdown$$0000000A)
    __rt_lib_shutdown_stdio_1                0x00000225   Thumb Code     0  libshutdown2.o(.ARM.Collect$$libshutdown$$00000004)
    __rt_lib_shutdown_user_alloc_1           0x00000225   Thumb Code     0  libshutdown2.o(.ARM.Collect$$libshutdown$$0000000C)
    __rt_entry                               0x00000227   Thumb Code     0  __rtentry.o(.ARM.Collect$$rtentry$$00000000)
    __rt_entry_presh_1                       0x00000227   Thumb Code     0  __rtentry2.o(.ARM.Collect$$rtentry$$00000002)
    __rt_entry_sh                            0x00000227   Thumb Code     0  __rtentry4.o(.ARM.Collect$$rtentry$$00000004)
    __rt_entry_li                            0x0000022d   Thumb Code     0  __rtentry2.o(.ARM.Collect$$rtentry$$0000000A)
    __rt_entry_postsh_1                      0x0000022d   Thumb Code     0  __rtentry2.o(.ARM.Collect$$rtentry$$00000009)
    __rt_entry_main                          0x00000231   Thumb Code     0  __rtentry2.o(.ARM.Collect$$rtentry$$0000000D)
    __rt_entry_postli_1                      0x00000231   Thumb Code     0  __rtentry2.o(.ARM.Collect$$rtentry$$0000000C)
    __rt_exit                                0x00000239   Thumb Code     0  rtexit.o(.ARM.Collect$$rtexit$$00000000)
    __rt_exit_ls                             0x0000023b   Thumb Code     0  rtexit2.o(.ARM.Collect$$rtexit$$00000003)
    __rt_exit_prels_1                        0x0000023b   Thumb Code     0  rtexit2.o(.ARM.Collect$$rtexit$$00000002)
    __rt_exit_exit                           0x0000023f   Thumb Code     0  rtexit2.o(.ARM.Collect$$rtexit$$00000004)
    HardFault_Handler                        0x00000245   Thumb Code    60  retarget.o(.emb_text)
    SH_DoCommand                             0x00000289   Thumb Code    18  retarget.o(.emb_text)
    __aeabi_memcpy4                          0x0000029d   Thumb Code    56  rt_memcpy.o(.emb_text)
    __aeabi_memcpy8                          0x0000029d   Thumb Code     0  rt_memcpy.o(.emb_text)
    Reset_Handler                            0x000002d5   Thumb Code    32  startup_nuc230_240.o(.text)
    NMI_Handler                              0x000002f5   Thumb Code     2  startup_nuc230_240.o(.text)
    SVC_Handler                              0x000002f9   Thumb Code     2  startup_nuc230_240.o(.text)
    PendSV_Handler                           0x000002fb   Thumb Code     2  startup_nuc230_240.o(.text)
    SysTick_Handler                          0x000002fd   Thumb Code     2  startup_nuc230_240.o(.text)
    ACMP_IRQHandler                          0x000002ff   Thumb Code     0  startup_nuc230_240.o(.text)
    ADC_IRQHandler                           0x000002ff   Thumb Code     0  startup_nuc230_240.o(.text)
    BOD_IRQHandler                           0x000002ff   Thumb Code     0  startup_nuc230_240.o(.text)
    CAN0_IRQHandler                          0x000002ff   Thumb Code     0  startup_nuc230_240.o(.text)
    CAN1_IRQHandler                          0x000002ff   Thumb Code     0  startup_nuc230_240.o(.text)
    EINT0_IRQHandler                         0x000002ff   Thumb Code     0  startup_nuc230_240.o(.text)
    GPAB_IRQHandler                          0x000002ff   Thumb Code     0  startup_nuc230_240.o(.text)
    GPCDEF_IRQHandler                        0x000002ff   Thumb Code     0  startup_nuc230_240.o(.text)
    I2C0_IRQHandler                          0x000002ff   Thumb Code     0  startup_nuc230_240.o(.text)
    I2C1_IRQHandler                          0x000002ff   Thumb Code     0  startup_nuc230_240.o(.text)
    I2S_IRQHandler                           0x000002ff   Thumb Code     0  startup_nuc230_240.o(.text)
    PDMA_IRQHandler                          0x000002ff   Thumb Code     0  startup_nuc230_240.o(.text)
    PS2_IRQHandler                           0x000002ff   Thumb Code     0  startup_nuc230_240.o(.text)
    PWMA_IRQHandler                          0x000002ff   Thumb Code     0  startup_nuc230_240.o(.text)
    PWMB_IRQHandler                          0x000002ff   Thumb Code     0  startup_nuc230_240.o(.text)
    PWRWU_IRQHandler                         0x000002ff   Thumb Code     0  startup_nuc230_240.o(.text)
    RTC_IRQHandler                           0x000002ff   Thumb Code     0  startup_nuc230_240.o(.text)
    SC012_IRQHandler                         0x000002ff   Thumb Code     0  startup_nuc230_240.o(.text)
    SPI0_IRQHandler                          0x000002ff   Thumb Code     0  startup_nuc230_240.o(.text)
    SPI1_IRQHandler                          0x000002ff   Thumb Code     0  startup_nuc230_240.o(.text)
    SPI2_IRQHandler                          0x000002ff   Thumb Code     0  startup_nuc230_240.o(.text)
    SPI3_IRQHandler                          0x000002ff   Thumb Code     0  startup_nuc230_240.o(.text)
    TMR0_IRQHandler                          0x000002ff   Thumb Code     0  startup_nuc230_240.o(.text)
    TMR1_IRQHandler                          0x000002ff   Thumb Code     0  startup_nuc230_240.o(.text)
    TMR2_IRQHandler                          0x000002ff   Thumb Code     0  startup_nuc230_240.o(.text)
    TMR3_IRQHandler                          0x000002ff   Thumb Code     0  startup_nuc230_240.o(.text)
    UART02_IRQHandler                        0x000002ff   Thumb Code     0  startup_nuc230_240.o(.text)
    UART1_IRQHandler                         0x000002ff   Thumb Code     0  startup_nuc230_240.o(.text)
    WDT_IRQHandler                           0x000002ff   Thumb Code     0  startup_nuc230_240.o(.text)
    __user_initial_stackheap                 0x00000301   Thumb Code     0  startup_nuc230_240.o(.text)
    vsprintf                                 0x00000339   Thumb Code    32  vsprintf.o(.text)
    __2printf                                0x0000035d   Thumb Code    22  __2printf.o(.text)
    _printf_str                              0x00000379   Thumb Code    82  _printf_str.o(.text)
    _printf_int_dec                          0x000003cd   Thumb Code    90  _printf_dec.o(.text)
    _printf_longlong_hex                     0x00000439   Thumb Code    88  _printf_hex_int_ll_ptr.o(.text)
    _printf_int_hex                          0x00000491   Thumb Code    28  _printf_hex_int_ll_ptr.o(.text)
    _printf_ll_hex                           0x000004ad   Thumb Code    10  _printf_hex_int_ll_ptr.o(.text)
    _printf_hex_ptr                          0x000004b7   Thumb Code    22  _printf_hex_int_ll_ptr.o(.text)
    __printf                                 0x000004d1   Thumb Code   386  __printf_flags_ss_wp.o(.text)
    __aeabi_memcpy                           0x00000659   Thumb Code   130  rt_memcpy.o(.text)
    __rt_memcpy                              0x00000659   Thumb Code     0  rt_memcpy.o(.text)
    __aeabi_uidiv                            0x000006db   Thumb Code     0  aeabi_sdiv.o(.text)
    __aeabi_uidivmod                         0x000006db   Thumb Code    20  aeabi_sdiv.o(.text)
    __aeabi_idiv                             0x000006ef   Thumb Code     0  aeabi_sdiv.o(.text)
    __aeabi_idivmod                          0x000006ef   Thumb Code   326  aeabi_sdiv.o(.text)
    __use_two_region_memory                  0x00000835   Thumb Code     2  heapauxi.o(.text)
    __rt_heap_escrow$2region                 0x00000837   Thumb Code     2  heapauxi.o(.text)
    __rt_heap_expand$2region                 0x00000839   Thumb Code     2  heapauxi.o(.text)
    _printf_pre_padding                      0x0000083b   Thumb Code    44  _printf_pad.o(.text)
    _printf_post_padding                     0x00000867   Thumb Code    34  _printf_pad.o(.text)
    _printf_truncate_signed                  0x00000889   Thumb Code    18  _printf_truncate.o(.text)
    _printf_truncate_unsigned                0x0000089b   Thumb Code    18  _printf_truncate.o(.text)
    _printf_int_common                       0x000008ad   Thumb Code   176  _printf_intcommon.o(.text)
    _printf_charcount                        0x0000095d   Thumb Code    38  _printf_charcount.o(.text)
    __lib_sel_fp_printf                      0x00000985   Thumb Code     2  _printf_fp_dec.o(.text)
    _printf_fp_dec_real                      0x00000b23   Thumb Code   620  _printf_fp_dec.o(.text)
    _printf_char_common                      0x00000da7   Thumb Code    32  _printf_char_common.o(.text)
    _sputc                                   0x00000dcd   Thumb Code    10  _sputc.o(.text)
    _printf_cs_common                        0x00000dd7   Thumb Code    22  _printf_char.o(.text)
    _printf_char                             0x00000ded   Thumb Code    16  _printf_char.o(.text)
    _printf_string                           0x00000dfd   Thumb Code     8  _printf_char.o(.text)
    _printf_char_file                        0x00000e05   Thumb Code    34  _printf_char_file.o(.text)
    _printf_wctomb                           0x00000e2d   Thumb Code   182  _printf_wctomb.o(.text)
    _printf_longlong_dec                     0x00000ee9   Thumb Code    94  _printf_longlong_dec.o(.text)
    _printf_longlong_oct                     0x00000f59   Thumb Code    68  _printf_oct_int_ll.o(.text)
    _printf_int_oct                          0x00000f9d   Thumb Code    24  _printf_oct_int_ll.o(.text)
    _printf_ll_oct                           0x00000fb5   Thumb Code    10  _printf_oct_int_ll.o(.text)
    __rt_udiv10                              0x00000fc9   Thumb Code    40  rtudiv10.o(.text)
    __rt_locale                              0x00000ff1   Thumb Code     8  rt_locale_intlibspace.o(.text)
    _ll_udiv10                               0x00000ff9   Thumb Code   122  lludiv10.o(.text)
    _printf_fp_hex_real                      0x00001075   Thumb Code   718  _printf_fp_hex.o(.text)
    _printf_fp_infnan                        0x0000134d   Thumb Code   120  _printf_fp_infnan.o(.text)
    _printf_lcs_common                       0x000013d5   Thumb Code    22  _printf_wchar.o(.text)
    _printf_wchar                            0x000013eb   Thumb Code    16  _printf_wchar.o(.text)
    _printf_wstring                          0x000013fb   Thumb Code     8  _printf_wchar.o(.text)
    _btod_etento                             0x00001405   Thumb Code   210  bigflt0.o(.text)
    _btod_d2e                                0x000014dd   Thumb Code    64  btod.o(.text)
    _btod_emul                               0x00001911   Thumb Code    28  btod.o(.text)
    _btod_emuld                              0x0000192d   Thumb Code   144  btod.o(.text)
    _btod_ediv                               0x000019bd   Thumb Code    26  btod.o(.text)
    _btod_edivd                              0x000019d7   Thumb Code   124  btod.o(.text)
    _wcrtomb                                 0x00001a5d   Thumb Code    64  _wcrtomb.o(.text)
    __user_libspace                          0x00001a9d   Thumb Code     8  libspace.o(.text)
    __user_perproc_libspace                  0x00001a9d   Thumb Code     0  libspace.o(.text)
    __user_perthread_libspace                0x00001a9d   Thumb Code     0  libspace.o(.text)
    __user_setup_stackheap                   0x00001aa5   Thumb Code    62  sys_stackheap_outer.o(.text)
    __rt_ctype_table                         0x00001ae5   Thumb Code    16  rt_ctype_table.o(.text)
    exit                                     0x00001af5   Thumb Code    16  exit.o(.text)
    strcmp                                   0x00001b05   Thumb Code   132  strcmp.o(.text)
    __decompress                             0x00001b8d   Thumb Code     0  __dczerorl2.o(.text)
    __decompress1                            0x00001b8d   Thumb Code    86  __dczerorl2.o(.text)
    CLK_EnableModuleClock                    0x00001be5   Thumb Code    52  clk.o(i.CLK_EnableModuleClock)
    CLK_EnablePLL                            0x00001c21   Thumb Code   342  clk.o(i.CLK_EnablePLL)
    CLK_EnableXtalRC                         0x00001da5   Thumb Code    12  clk.o(i.CLK_EnableXtalRC)
    CLK_GetCPUFreq                           0x00001db5   Thumb Code    12  clk.o(i.CLK_GetCPUFreq)
    CLK_GetHCLKFreq                          0x00001dc5   Thumb Code    12  clk.o(i.CLK_GetHCLKFreq)
    CLK_SetCoreClock                         0x00001fd5   Thumb Code   224  clk.o(i.CLK_SetCoreClock)
    CLK_SetHCLK                              0x000020c9   Thumb Code   102  clk.o(i.CLK_SetHCLK)
    CLK_SetModuleClock                       0x00002135   Thumb Code   240  clk.o(i.CLK_SetModuleClock)
    CLK_WaitClockReady                       0x00002271   Thumb Code    32  clk.o(i.CLK_WaitClockReady)
    ClkSetup                                 0x00002299   Thumb Code    58  project.o(i.ClkSetup)
    DelayUs                                  0x000022e5   Thumb Code    60  project.o(i.DelayUs)
    EINT1_IRQHandler                         0x00002325   Thumb Code   118  irq.o(i.EINT1_IRQHandler)
    EP2_Handler                              0x000023bd   Thumb Code     8  irq.o(i.EP2_Handler)
    EP3_Handler                              0x000023c9   Thumb Code    40  irq.o(i.EP3_Handler)
    FIFO_ByteIn                              0x000023fd   Thumb Code    56  fifo.o(i.FIFO_ByteIn)
    FIFO_New                                 0x00002435   Thumb Code    72  fifo.o(i.FIFO_New)
    GPIO_EnableInt                           0x00002495   Thumb Code    26  gpio.o(i.GPIO_EnableInt)
    GPIO_SetMode                             0x000024af   Thumb Code    46  gpio.o(i.GPIO_SetMode)
    GpioSetup                                0x000024dd   Thumb Code    82  project.o(i.GpioSetup)
    Hard_Fault_Handler                       0x00002535   Thumb Code    18  retarget.o(i.Hard_Fault_Handler)
    IsDebugFifoEmpty                         0x00002561   Thumb Code    14  retarget.o(i.IsDebugFifoEmpty)
    NRF_FlushRx                              0x00002575   Thumb Code    28  nrf24l01.o(i.NRF_FlushRx)
    NRF_New                                  0x00002591   Thumb Code    30  nrf24l01.o(i.NRF_New)
    NRF_Nop                                  0x000025af   Thumb Code    30  nrf24l01.o(i.NRF_Nop)
    NRF_ReadRegArray                         0x000025cd   Thumb Code    54  nrf24l01.o(i.NRF_ReadRegArray)
    NRF_ReadRegByte                          0x00002603   Thumb Code    40  nrf24l01.o(i.NRF_ReadRegByte)
    NRF_RxMode                               0x0000262b   Thumb Code    38  nrf24l01.o(i.NRF_RxMode)
    NRF_WriteRegArray                        0x00002651   Thumb Code    60  nrf24l01.o(i.NRF_WriteRegArray)
    NRF_WriteRegByte                         0x0000268d   Thumb Code    44  nrf24l01.o(i.NRF_WriteRegByte)
    NVIC_Init                                0x000026cd   Thumb Code    16  project.o(i.NVIC_Init)
    PinSetup                                 0x000026dd   Thumb Code    72  project.o(i.PinSetup)
    ResetCE                                  0x00002729   Thumb Code     8  portable.o(i.ResetCE)
    SPI1_DSS                                 0x00002735   Thumb Code    14  portable.o(i.SPI1_DSS)
    SPI1_Dummy                               0x00002749   Thumb Code    28  portable.o(i.SPI1_Dummy)
    SPI1_ReadByte                            0x00002769   Thumb Code    34  portable.o(i.SPI1_ReadByte)
    SPI1_SS                                  0x00002791   Thumb Code    16  portable.o(i.SPI1_SS)
    SPI1_WriteByte                           0x000027a5   Thumb Code    38  portable.o(i.SPI1_WriteByte)
    SPI_Open                                 0x000027d1   Thumb Code   514  spi.o(i.SPI_Open)
    SendChar                                 0x000029e5   Thumb Code   102  retarget.o(i.SendChar)
    SendChar_ToUART                          0x00002a55   Thumb Code    48  retarget.o(i.SendChar_ToUART)
    SetCE                                    0x00002a89   Thumb Code    16  portable.o(i.SetCE)
    SpiSetup                                 0x00002a9d   Thumb Code    26  project.o(i.SpiSetup)
    SystemCoreClockUpdate                    0x00002ac5   Thumb Code    76  system_nuc230_240.o(i.SystemCoreClockUpdate)
    SystemInit                               0x00002b29   Thumb Code     2  system_nuc230_240.o(i.SystemInit)
    UART_Open                                0x00002b2d   Thumb Code   166  uart.o(i.UART_Open)
    USBD_CtrlIn                              0x00002be5   Thumb Code   202  usbd.o(i.USBD_CtrlIn)
    USBD_CtrlOut                             0x00002cd5   Thumb Code    76  usbd.o(i.USBD_CtrlOut)
    USBD_GetDescriptor                       0x00002d39   Thumb Code   390  usbd.o(i.USBD_GetDescriptor)
    USBD_GetSetupPacket                      0x00002ecd   Thumb Code    16  usbd.o(i.USBD_GetSetupPacket)
    USBD_IRQHandler                          0x00002ee1   Thumb Code   358  cdc_serial.o(i.USBD_IRQHandler)
    USBD_Open                                0x0000307d   Thumb Code    52  usbd.o(i.USBD_Open)
    USBD_PrepareCtrlIn                       0x000030c5   Thumb Code   114  usbd.o(i.USBD_PrepareCtrlIn)
    USBD_PrepareCtrlOut                      0x0000314d   Thumb Code    24  usbd.o(i.USBD_PrepareCtrlOut)
    USBD_ProcessSetupPacket                  0x00003179   Thumb Code   102  usbd.o(i.USBD_ProcessSetupPacket)
    USBD_StandardRequest                     0x0000322d   Thumb Code   768  usbd.o(i.USBD_StandardRequest)
    USBD_Start                               0x00003565   Thumb Code    86  usbd.o(i.USBD_Start)
    USBD_SwReset                             0x000035cd   Thumb Code    84  usbd.o(i.USBD_SwReset)
    UartSetup                                0x00003641   Thumb Code    20  project.o(i.UartSetup)
    UsbSetup                                 0x0000365d   Thumb Code    24  project.o(i.UsbSetup)
    VCOM_ClassRequest                        0x00003681   Thumb Code   192  cdc_serial.o(i.VCOM_ClassRequest)
    VCOM_Init                                0x00003751   Thumb Code    62  cdc_serial.o(i.VCOM_Init)
    VCOM_Tx                                  0x00003799   Thumb Code    94  cdc_serial.o(i.VCOM_Tx)
    __ARM_common_ll_muluu                    0x00003805   Thumb Code    48  btod.o(i.__ARM_common_ll_muluu)
    __ARM_fpclassify                         0x00003835   Thumb Code    40  fpclassify.o(i.__ARM_fpclassify)
    _is_digit                                0x00003861   Thumb Code    14  __printf_wp.o(i._is_digit)
    _sys_exit                                0x00003871   Thumb Code    28  retarget.o(i._sys_exit)
    ferror                                   0x00003891   Thumb Code     8  retarget.o(i.ferror)
    fputc                                    0x00003899   Thumb Code    16  retarget.o(i.fputc)
    main                                     0x000038a9   Thumb Code   182  main.o(i.main)
    nrfP2p_InitNrf                           0x0000398d   Thumb Code   104  nrf_p2p.o(i.nrfP2p_InitNrf)
    nrfP2p_NewChannel                        0x000039f5   Thumb Code   296  nrf_p2p.o(i.nrfP2p_NewChannel)
    printReg                                 0x00003b1d   Thumb Code   236  main.o(i.printReg)
    vMemAlloc                                0x00003d1d   Thumb Code   184  vmemalloc.o(i.vMemAlloc)
    vcomPrintf                               0x00003e4d   Thumb Code    46  cdc_serial.o(i.vcomPrintf)
    _get_lc_numeric                          0x00003e7d   Thumb Code    44  lc_numeric_c.o(locale$$code)
    _get_lc_ctype                            0x00003ea9   Thumb Code    44  lc_ctype_c.o(locale$$code)
    _printf_fp_dec                           0x00003ed5   Thumb Code    16  printf1.o(x$fpl$printf1)
    _printf_fp_hex                           0x00003ee5   Thumb Code    16  printf2.o(x$fpl$printf2)
    __I$use$fp                               0x00003ef4   Number         0  usenofp.o(x$fpl$usenofp)
    p1Addr                                   0x00003f5c   Data           5  main.o(.constdata)
    CameraAddr                               0x00003f61   Data           5  main.o(.constdata)
    gu8StringSerial                          0x00003f68   Data          26  descriptors.o(.constdata)
    gsInfo                                   0x00003f84   Data          24  descriptors.o(.constdata)
    Region$$Table$$Base                      0x0000409c   Number         0  anon$$obj.o(Region$$Table)
    Region$$Table$$Limit                     0x000040bc   Number         0  anon$$obj.o(Region$$Table)
    __ctype                                  0x000040e5   Data           0  lc_ctype_c.o(locale$$data)
    SystemCoreClock                          0x20000000   Data           4  system_nuc230_240.o(.data)
    CyclesPerUs                              0x20000004   Data           4  system_nuc230_240.o(.data)
    PllClock                                 0x20000008   Data           4  system_nuc230_240.o(.data)
    gau32ClkSrcTbl                           0x2000000c   Data          32  system_nuc230_240.o(.data)
    __stdout                                 0x2000002c   Data           4  retarget.o(.data)
    __stdin                                  0x20000030   Data           4  retarget.o(.data)
    g_usbd_SetupPacket                       0x20000038   Data           8  usbd.o(.data)
    g_usbd_RemoteWakeupEn                    0x20000040   Data           1  usbd.o(.data)
    g_usbd_sInfo                             0x20000068   Data           4  usbd.o(.data)
    g_usbd_pfnVendorRequest                  0x2000006c   Data           4  usbd.o(.data)
    g_usbd_pfnClassRequest                   0x20000070   Data           4  usbd.o(.data)
    g_usbd_pfnSetInterface                   0x20000074   Data           4  usbd.o(.data)
    g_usbd_pfnSetConfigCallback              0x20000078   Data           4  usbd.o(.data)
    g_u32EpStallLock                         0x2000007c   Data           4  usbd.o(.data)
    pxStart                                  0x20000088   Data           8  vmemalloc.o(.data)
    pxEnd                                    0x20000090   Data           4  vmemalloc.o(.data)
    temp                                     0x20000094   Data          32  main.o(.data)
    g_stVcomRx                               0x200000b4   Data           4  main.o(.data)
    g_stNrfRx                                0x200000b8   Data           4  main.o(.data)
    g_stNrf0                                 0x200000bc   Data           4  main.o(.data)
    g_stNrfP1                                0x200000c0   Data           4  main.o(.data)
    g_stSpi1                                 0x200000c4   Data          20  portable.o(.data)
    gu8DeviceDescriptor                      0x200000d8   Data          18  descriptors.o(.data)
    gu8ConfigDescriptor                      0x200000ea   Data          67  descriptors.o(.data)
    gu8StringLang                            0x2000012d   Data           4  descriptors.o(.data)
    gu8VendorStringDesc                      0x20000131   Data          16  descriptors.o(.data)
    gu8ProductStringDesc                     0x20000141   Data          32  descriptors.o(.data)
    gpu8UsbString                            0x20000164   Data          16  descriptors.o(.data)
    vcom_txReady                             0x2000017e   Data           1  cdc_serial.o(.data)
    __libspace_start                         0x20001518   Data          96  libspace.o(.bss)
    __temporary_stack_top$libspace           0x20001578   Data           0  libspace.o(.bss)



==============================================================================

Memory Map of the image

  Image Entry point : 0x000002d5

  Load Region LR_1 (Base: 0x00000000, Size: 0x00004368, Max: 0xffffffff, ABSOLUTE, COMPRESSED[0x000042a4])

    Execution Region ER_RO (Exec base: 0x00000000, Load base: 0x00000000, Size: 0x000041e8, Max: 0xffffffff, ABSOLUTE)

    Exec Addr    Load Addr    Size         Type   Attr      Idx    E Section Name        Object

    0x00000000   0x00000000   0x000000c0   Data   RO          128    RESET               startup_nuc230_240.o
    0x000000c0   0x000000c0   0x00000008   Code   RO         1676  * !!!main             c_p.l(__main.o)
    0x000000c8   0x000000c8   0x0000003c   Code   RO         1950    !!!scatter          c_p.l(__scatter.o)
    0x00000104   0x00000104   0x0000001c   Code   RO         1952    !!handler_zi        c_p.l(__scatter_zi.o)
    0x00000120   0x00000120   0x00000002   Code   RO         1665    .ARM.Collect$$_printf_percent$$00000000  c_p.l(_printf_percent.o)
    0x00000122   0x00000122   0x0000000a   Code   RO         1724    .ARM.Collect$$_printf_percent$$00000001  c_p.l(_printf_n.o)
    0x0000012c   0x0000012c   0x0000000a   Code   RO         1725    .ARM.Collect$$_printf_percent$$00000002  c_p.l(_printf_p.o)
    0x00000136   0x00000136   0x0000000a   Code   RO         1664    .ARM.Collect$$_printf_percent$$00000003  c_p.l(_printf_f.o)
    0x00000140   0x00000140   0x0000000a   Code   RO         1729    .ARM.Collect$$_printf_percent$$00000004  c_p.l(_printf_e.o)
    0x0000014a   0x0000014a   0x0000000a   Code   RO         1730    .ARM.Collect$$_printf_percent$$00000005  c_p.l(_printf_g.o)
    0x00000154   0x00000154   0x0000000a   Code   RO         1731    .ARM.Collect$$_printf_percent$$00000006  c_p.l(_printf_a.o)
    0x0000015e   0x0000015e   0x0000000a   Code   RO         1736    .ARM.Collect$$_printf_percent$$00000007  c_p.l(_printf_ll.o)
    0x00000168   0x00000168   0x0000000a   Code   RO         1727    .ARM.Collect$$_printf_percent$$00000008  c_p.l(_printf_i.o)
    0x00000172   0x00000172   0x0000000a   Code   RO         1663    .ARM.Collect$$_printf_percent$$00000009  c_p.l(_printf_d.o)
    0x0000017c   0x0000017c   0x0000000a   Code   RO         1728    .ARM.Collect$$_printf_percent$$0000000A  c_p.l(_printf_u.o)
    0x00000186   0x00000186   0x0000000a   Code   RO         1726    .ARM.Collect$$_printf_percent$$0000000B  c_p.l(_printf_o.o)
    0x00000190   0x00000190   0x0000000a   Code   RO         1662    .ARM.Collect$$_printf_percent$$0000000C  c_p.l(_printf_x.o)
    0x0000019a   0x0000019a   0x0000000a   Code   RO         1733    .ARM.Collect$$_printf_percent$$0000000D  c_p.l(_printf_lli.o)
    0x000001a4   0x000001a4   0x0000000a   Code   RO         1734    .ARM.Collect$$_printf_percent$$0000000E  c_p.l(_printf_lld.o)
    0x000001ae   0x000001ae   0x0000000a   Code   RO         1735    .ARM.Collect$$_printf_percent$$0000000F  c_p.l(_printf_llu.o)
    0x000001b8   0x000001b8   0x0000000a   Code   RO         1740    .ARM.Collect$$_printf_percent$$00000010  c_p.l(_printf_llo.o)
    0x000001c2   0x000001c2   0x0000000a   Code   RO         1741    .ARM.Collect$$_printf_percent$$00000011  c_p.l(_printf_llx.o)
    0x000001cc   0x000001cc   0x0000000a   Code   RO         1737    .ARM.Collect$$_printf_percent$$00000012  c_p.l(_printf_l.o)
    0x000001d6   0x000001d6   0x0000000a   Code   RO         1661    .ARM.Collect$$_printf_percent$$00000013  c_p.l(_printf_c.o)
    0x000001e0   0x000001e0   0x0000000a   Code   RO         1723    .ARM.Collect$$_printf_percent$$00000014  c_p.l(_printf_s.o)
    0x000001ea   0x000001ea   0x0000000a   Code   RO         1738    .ARM.Collect$$_printf_percent$$00000015  c_p.l(_printf_lc.o)
    0x000001f4   0x000001f4   0x0000000a   Code   RO         1739    .ARM.Collect$$_printf_percent$$00000016  c_p.l(_printf_ls.o)
    0x000001fe   0x000001fe   0x00000004   Code   RO         1732    .ARM.Collect$$_printf_percent$$00000017  c_p.l(_printf_percent_end.o)
    0x00000202   0x00000202   0x00000002   Code   RO         1821    .ARM.Collect$$libinit$$00000000  c_p.l(libinit.o)
    0x00000204   0x00000204   0x00000000   Code   RO         1823    .ARM.Collect$$libinit$$00000002  c_p.l(libinit2.o)
    0x00000204   0x00000204   0x00000000   Code   RO         1825    .ARM.Collect$$libinit$$00000004  c_p.l(libinit2.o)
    0x00000204   0x00000204   0x00000000   Code   RO         1828    .ARM.Collect$$libinit$$0000000A  c_p.l(libinit2.o)
    0x00000204   0x00000204   0x00000000   Code   RO         1830    .ARM.Collect$$libinit$$0000000C  c_p.l(libinit2.o)
    0x00000204   0x00000204   0x00000000   Code   RO         1832    .ARM.Collect$$libinit$$0000000E  c_p.l(libinit2.o)
    0x00000204   0x00000204   0x00000006   Code   RO         1833    .ARM.Collect$$libinit$$0000000F  c_p.l(libinit2.o)
    0x0000020a   0x0000020a   0x00000000   Code   RO         1835    .ARM.Collect$$libinit$$00000011  c_p.l(libinit2.o)
    0x0000020a   0x0000020a   0x0000000c   Code   RO         1836    .ARM.Collect$$libinit$$00000012  c_p.l(libinit2.o)
    0x00000216   0x00000216   0x00000000   Code   RO         1837    .ARM.Collect$$libinit$$00000013  c_p.l(libinit2.o)
    0x00000216   0x00000216   0x00000000   Code   RO         1839    .ARM.Collect$$libinit$$00000015  c_p.l(libinit2.o)
    0x00000216   0x00000216   0x0000000a   Code   RO         1840    .ARM.Collect$$libinit$$00000016  c_p.l(libinit2.o)
    0x00000220   0x00000220   0x00000000   Code   RO         1841    .ARM.Collect$$libinit$$00000017  c_p.l(libinit2.o)
    0x00000220   0x00000220   0x00000000   Code   RO         1843    .ARM.Collect$$libinit$$00000019  c_p.l(libinit2.o)
    0x00000220   0x00000220   0x00000000   Code   RO         1845    .ARM.Collect$$libinit$$0000001B  c_p.l(libinit2.o)
    0x00000220   0x00000220   0x00000000   Code   RO         1847    .ARM.Collect$$libinit$$0000001D  c_p.l(libinit2.o)
    0x00000220   0x00000220   0x00000000   Code   RO         1849    .ARM.Collect$$libinit$$0000001F  c_p.l(libinit2.o)
    0x00000220   0x00000220   0x00000000   Code   RO         1851    .ARM.Collect$$libinit$$00000021  c_p.l(libinit2.o)
    0x00000220   0x00000220   0x00000000   Code   RO         1853    .ARM.Collect$$libinit$$00000023  c_p.l(libinit2.o)
    0x00000220   0x00000220   0x00000000   Code   RO         1855    .ARM.Collect$$libinit$$00000025  c_p.l(libinit2.o)
    0x00000220   0x00000220   0x00000000   Code   RO         1859    .ARM.Collect$$libinit$$0000002C  c_p.l(libinit2.o)
    0x00000220   0x00000220   0x00000000   Code   RO         1861    .ARM.Collect$$libinit$$0000002E  c_p.l(libinit2.o)
    0x00000220   0x00000220   0x00000000   Code   RO         1863    .ARM.Collect$$libinit$$00000030  c_p.l(libinit2.o)
    0x00000220   0x00000220   0x00000000   Code   RO         1865    .ARM.Collect$$libinit$$00000032  c_p.l(libinit2.o)
    0x00000220   0x00000220   0x00000002   Code   RO         1866    .ARM.Collect$$libinit$$00000033  c_p.l(libinit2.o)
    0x00000222   0x00000222   0x00000002   Code   RO         1910    .ARM.Collect$$libshutdown$$00000000  c_p.l(libshutdown.o)
    0x00000224   0x00000224   0x00000000   Code   RO         1931    .ARM.Collect$$libshutdown$$00000002  c_p.l(libshutdown2.o)
    0x00000224   0x00000224   0x00000000   Code   RO         1933    .ARM.Collect$$libshutdown$$00000004  c_p.l(libshutdown2.o)
    0x00000224   0x00000224   0x00000000   Code   RO         1936    .ARM.Collect$$libshutdown$$00000007  c_p.l(libshutdown2.o)
    0x00000224   0x00000224   0x00000000   Code   RO         1939    .ARM.Collect$$libshutdown$$0000000A  c_p.l(libshutdown2.o)
    0x00000224   0x00000224   0x00000000   Code   RO         1941    .ARM.Collect$$libshutdown$$0000000C  c_p.l(libshutdown2.o)
    0x00000224   0x00000224   0x00000000   Code   RO         1944    .ARM.Collect$$libshutdown$$0000000F  c_p.l(libshutdown2.o)
    0x00000224   0x00000224   0x00000002   Code   RO         1945    .ARM.Collect$$libshutdown$$00000010  c_p.l(libshutdown2.o)
    0x00000226   0x00000226   0x00000000   Code   RO         1689    .ARM.Collect$$rtentry$$00000000  c_p.l(__rtentry.o)
    0x00000226   0x00000226   0x00000000   Code   RO         1752    .ARM.Collect$$rtentry$$00000002  c_p.l(__rtentry2.o)
    0x00000226   0x00000226   0x00000006   Code   RO         1764    .ARM.Collect$$rtentry$$00000004  c_p.l(__rtentry4.o)
    0x0000022c   0x0000022c   0x00000000   Code   RO         1754    .ARM.Collect$$rtentry$$00000009  c_p.l(__rtentry2.o)
    0x0000022c   0x0000022c   0x00000004   Code   RO         1755    .ARM.Collect$$rtentry$$0000000A  c_p.l(__rtentry2.o)
    0x00000230   0x00000230   0x00000000   Code   RO         1757    .ARM.Collect$$rtentry$$0000000C  c_p.l(__rtentry2.o)
    0x00000230   0x00000230   0x00000008   Code   RO         1758    .ARM.Collect$$rtentry$$0000000D  c_p.l(__rtentry2.o)
    0x00000238   0x00000238   0x00000002   Code   RO         1868    .ARM.Collect$$rtexit$$00000000  c_p.l(rtexit.o)
    0x0000023a   0x0000023a   0x00000000   Code   RO         1884    .ARM.Collect$$rtexit$$00000002  c_p.l(rtexit2.o)
    0x0000023a   0x0000023a   0x00000004   Code   RO         1885    .ARM.Collect$$rtexit$$00000003  c_p.l(rtexit2.o)
    0x0000023e   0x0000023e   0x00000006   Code   RO         1886    .ARM.Collect$$rtexit$$00000004  c_p.l(rtexit2.o)
    0x00000244   0x00000244   0x00000056   Code   RO          326    .emb_text           retarget.o
    0x0000029a   0x0000029a   0x00000002   PAD
    0x0000029c   0x0000029c   0x00000038   Code   RO         1666    .emb_text           c_p.l(rt_memcpy.o)
    0x000002d4   0x000002d4   0x00000064   Code   RO          129  * .text               startup_nuc230_240.o
    0x00000338   0x00000338   0x00000024   Code   RO         1608    .text               c_p.l(vsprintf.o)
    0x0000035c   0x0000035c   0x0000001c   Code   RO         1610    .text               c_p.l(__2printf.o)
    0x00000378   0x00000378   0x00000052   Code   RO         1616    .text               c_p.l(_printf_str.o)
    0x000003ca   0x000003ca   0x00000002   PAD
    0x000003cc   0x000003cc   0x0000006c   Code   RO         1618    .text               c_p.l(_printf_dec.o)
    0x00000438   0x00000438   0x00000098   Code   RO         1638    .text               c_p.l(_printf_hex_int_ll_ptr.o)
    0x000004d0   0x000004d0   0x00000188   Code   RO         1658    .text               c_p.l(__printf_flags_ss_wp.o)
    0x00000658   0x00000658   0x00000082   Code   RO         1667    .text               c_p.l(rt_memcpy.o)
    0x000006da   0x000006da   0x0000015a   Code   RO         1670    .text               c_p.l(aeabi_sdiv.o)
    0x00000834   0x00000834   0x00000006   Code   RO         1674    .text               c_p.l(heapauxi.o)
    0x0000083a   0x0000083a   0x0000004e   Code   RO         1694    .text               c_p.l(_printf_pad.o)
    0x00000888   0x00000888   0x00000024   Code   RO         1696    .text               c_p.l(_printf_truncate.o)
    0x000008ac   0x000008ac   0x000000b0   Code   RO         1698    .text               c_p.l(_printf_intcommon.o)
    0x0000095c   0x0000095c   0x00000026   Code   RO         1700    .text               c_p.l(_printf_charcount.o)
    0x00000982   0x00000982   0x00000002   PAD
    0x00000984   0x00000984   0x00000418   Code   RO         1702    .text               c_p.l(_printf_fp_dec.o)
    0x00000d9c   0x00000d9c   0x00000030   Code   RO         1704    .text               c_p.l(_printf_char_common.o)
    0x00000dcc   0x00000dcc   0x0000000a   Code   RO         1706    .text               c_p.l(_sputc.o)
    0x00000dd6   0x00000dd6   0x0000002e   Code   RO         1708    .text               c_p.l(_printf_char.o)
    0x00000e04   0x00000e04   0x00000028   Code   RO         1710    .text               c_p.l(_printf_char_file.o)
    0x00000e2c   0x00000e2c   0x000000bc   Code   RO         1712    .text               c_p.l(_printf_wctomb.o)
    0x00000ee8   0x00000ee8   0x00000070   Code   RO         1715    .text               c_p.l(_printf_longlong_dec.o)
    0x00000f58   0x00000f58   0x00000070   Code   RO         1721    .text               c_p.l(_printf_oct_int_ll.o)
    0x00000fc8   0x00000fc8   0x00000028   Code   RO         1742    .text               c_p.l(rtudiv10.o)
    0x00000ff0   0x00000ff0   0x00000008   Code   RO         1771    .text               c_p.l(rt_locale_intlibspace.o)
    0x00000ff8   0x00000ff8   0x0000007a   Code   RO         1773    .text               c_p.l(lludiv10.o)
    0x00001072   0x00001072   0x00000002   PAD
    0x00001074   0x00001074   0x000002d8   Code   RO         1775    .text               c_p.l(_printf_fp_hex.o)
    0x0000134c   0x0000134c   0x00000088   Code   RO         1778    .text               c_p.l(_printf_fp_infnan.o)
    0x000013d4   0x000013d4   0x0000002e   Code   RO         1782    .text               c_p.l(_printf_wchar.o)
    0x00001402   0x00001402   0x00000002   PAD
    0x00001404   0x00001404   0x000000d8   Code   RO         1784    .text               c_p.l(bigflt0.o)
    0x000014dc   0x000014dc   0x00000580   Code   RO         1787    .text               c_p.l(btod.o)
    0x00001a5c   0x00001a5c   0x00000040   Code   RO         1791    .text               c_p.l(_wcrtomb.o)
    0x00001a9c   0x00001a9c   0x00000008   Code   RO         1800    .text               c_p.l(libspace.o)
    0x00001aa4   0x00001aa4   0x0000003e   Code   RO         1803    .text               c_p.l(sys_stackheap_outer.o)
    0x00001ae2   0x00001ae2   0x00000002   PAD
    0x00001ae4   0x00001ae4   0x00000010   Code   RO         1806    .text               c_p.l(rt_ctype_table.o)
    0x00001af4   0x00001af4   0x00000010   Code   RO         1808    .text               c_p.l(exit.o)
    0x00001b04   0x00001b04   0x00000088   Code   RO         1814    .text               c_p.l(strcmp.o)
    0x00001b8c   0x00001b8c   0x00000056   Code   RO         1948    .text               c_p.l(__dczerorl2.o)
    0x00001be2   0x00001be2   0x00000002   PAD
    0x00001be4   0x00001be4   0x0000003c   Code   RO          141    i.CLK_EnableModuleClock  clk.o
    0x00001c20   0x00001c20   0x00000184   Code   RO          142    i.CLK_EnablePLL     clk.o
    0x00001da4   0x00001da4   0x00000010   Code   RO          144    i.CLK_EnableXtalRC  clk.o
    0x00001db4   0x00001db4   0x00000010   Code   RO          145    i.CLK_GetCPUFreq    clk.o
    0x00001dc4   0x00001dc4   0x00000010   Code   RO          146    i.CLK_GetHCLKFreq   clk.o
    0x00001dd4   0x00001dd4   0x00000080   Code   RO            3    i.CLK_GetPLLClockFreq  system_nuc230_240.o
    0x00001e54   0x00001e54   0x00000080   Code   RO          150    i.CLK_GetPLLClockFreq  clk.o
    0x00001ed4   0x00001ed4   0x00000080   Code   RO          582    i.CLK_GetPLLClockFreq  spi.o
    0x00001f54   0x00001f54   0x00000080   Code   RO          768    i.CLK_GetPLLClockFreq  uart.o
    0x00001fd4   0x00001fd4   0x000000f4   Code   RO          153    i.CLK_SetCoreClock  clk.o
    0x000020c8   0x000020c8   0x0000006c   Code   RO          154    i.CLK_SetHCLK       clk.o
    0x00002134   0x00002134   0x00000108   Code   RO          155    i.CLK_SetModuleClock  clk.o
    0x0000223c   0x0000223c   0x00000034   Code   RO         1345    i.CLK_SysTickDelay  project.o
    0x00002270   0x00002270   0x00000028   Code   RO          157    i.CLK_WaitClockReady  clk.o
    0x00002298   0x00002298   0x0000004c   Code   RO         1346    i.ClkSetup          project.o
    0x000022e4   0x000022e4   0x00000040   Code   RO         1347    i.DelayUs           project.o
    0x00002324   0x00002324   0x00000098   Code   RO         1490    i.EINT1_IRQHandler  irq.o
    0x000023bc   0x000023bc   0x0000000c   Code   RO         1491    i.EP2_Handler       irq.o
    0x000023c8   0x000023c8   0x00000034   Code   RO         1492    i.EP3_Handler       irq.o
    0x000023fc   0x000023fc   0x00000038   Code   RO         1215    i.FIFO_ByteIn       fifo.o
    0x00002434   0x00002434   0x00000060   Code   RO         1220    i.FIFO_New          fifo.o
    0x00002494   0x00002494   0x0000001a   Code   RO          292    i.GPIO_EnableInt    gpio.o
    0x000024ae   0x000024ae   0x0000002e   Code   RO          293    i.GPIO_SetMode      gpio.o
    0x000024dc   0x000024dc   0x00000058   Code   RO         1348    i.GpioSetup         project.o
    0x00002534   0x00002534   0x0000002c   Code   RO          328    i.Hard_Fault_Handler  retarget.o
    0x00002560   0x00002560   0x00000014   Code   RO          329    i.IsDebugFifoEmpty  retarget.o
    0x00002574   0x00002574   0x0000001c   Code   RO         1056    i.NRF_FlushRx       nrf24l01.o
    0x00002590   0x00002590   0x0000001e   Code   RO         1058    i.NRF_New           nrf24l01.o
    0x000025ae   0x000025ae   0x0000001e   Code   RO         1059    i.NRF_Nop           nrf24l01.o
    0x000025cc   0x000025cc   0x00000036   Code   RO         1062    i.NRF_ReadRegArray  nrf24l01.o
    0x00002602   0x00002602   0x00000028   Code   RO         1063    i.NRF_ReadRegByte   nrf24l01.o
    0x0000262a   0x0000262a   0x00000026   Code   RO         1067    i.NRF_RxMode        nrf24l01.o
    0x00002650   0x00002650   0x0000003c   Code   RO         1070    i.NRF_WriteRegArray  nrf24l01.o
    0x0000268c   0x0000268c   0x0000002c   Code   RO         1071    i.NRF_WriteRegByte  nrf24l01.o
    0x000026b8   0x000026b8   0x00000014   Code   RO         1349    i.NVIC_EnableIRQ    project.o
    0x000026cc   0x000026cc   0x00000010   Code   RO         1350    i.NVIC_Init         project.o
    0x000026dc   0x000026dc   0x0000004c   Code   RO         1351    i.PinSetup          project.o
    0x00002728   0x00002728   0x0000000c   Code   RO         1427    i.ResetCE           portable.o
    0x00002734   0x00002734   0x00000014   Code   RO         1428    i.SPI1_DSS          portable.o
    0x00002748   0x00002748   0x00000020   Code   RO         1429    i.SPI1_Dummy        portable.o
    0x00002768   0x00002768   0x00000028   Code   RO         1430    i.SPI1_ReadByte     portable.o
    0x00002790   0x00002790   0x00000014   Code   RO         1431    i.SPI1_SS           portable.o
    0x000027a4   0x000027a4   0x0000002c   Code   RO         1432    i.SPI1_WriteByte    portable.o
    0x000027d0   0x000027d0   0x00000214   Code   RO          596    i.SPI_Open          spi.o
    0x000029e4   0x000029e4   0x00000070   Code   RO          330    i.SendChar          retarget.o
    0x00002a54   0x00002a54   0x00000034   Code   RO          331    i.SendChar_ToUART   retarget.o
    0x00002a88   0x00002a88   0x00000014   Code   RO         1433    i.SetCE             portable.o
    0x00002a9c   0x00002a9c   0x00000028   Code   RO         1352    i.SpiSetup          project.o
    0x00002ac4   0x00002ac4   0x00000064   Code   RO            4    i.SystemCoreClockUpdate  system_nuc230_240.o
    0x00002b28   0x00002b28   0x00000002   Code   RO            5    i.SystemInit        system_nuc230_240.o
    0x00002b2a   0x00002b2a   0x00000002   PAD
    0x00002b2c   0x00002b2c   0x000000b8   Code   RO          777    i.UART_Open         uart.o
    0x00002be4   0x00002be4   0x000000f0   Code   RO          889    i.USBD_CtrlIn       usbd.o
    0x00002cd4   0x00002cd4   0x00000064   Code   RO          890    i.USBD_CtrlOut      usbd.o
    0x00002d38   0x00002d38   0x00000194   Code   RO          891    i.USBD_GetDescriptor  usbd.o
    0x00002ecc   0x00002ecc   0x00000014   Code   RO          892    i.USBD_GetSetupPacket  usbd.o
    0x00002ee0   0x00002ee0   0x00000170   Code   RO         1544    i.USBD_IRQHandler   cdc_serial.o
    0x00003050   0x00003050   0x00000016   Code   RO          894    i.USBD_MemCopy      usbd.o
    0x00003066   0x00003066   0x00000016   Code   RO         1545    i.USBD_MemCopy      cdc_serial.o
    0x0000307c   0x0000307c   0x00000048   Code   RO          895    i.USBD_Open         usbd.o
    0x000030c4   0x000030c4   0x00000088   Code   RO          896    i.USBD_PrepareCtrlIn  usbd.o
    0x0000314c   0x0000314c   0x0000002c   Code   RO          897    i.USBD_PrepareCtrlOut  usbd.o
    0x00003178   0x00003178   0x0000007c   Code   RO          898    i.USBD_ProcessSetupPacket  usbd.o
    0x000031f4   0x000031f4   0x00000038   Code   RO         1546    i.USBD_SetStall     cdc_serial.o
    0x0000322c   0x0000322c   0x00000338   Code   RO          901    i.USBD_StandardRequest  usbd.o
    0x00003564   0x00003564   0x00000068   Code   RO          902    i.USBD_Start        usbd.o
    0x000035cc   0x000035cc   0x00000074   Code   RO          903    i.USBD_SwReset      usbd.o
    0x00003640   0x00003640   0x0000001c   Code   RO         1353    i.UartSetup         project.o
    0x0000365c   0x0000365c   0x00000024   Code   RO         1354    i.UsbSetup          project.o
    0x00003680   0x00003680   0x000000d0   Code   RO         1547    i.VCOM_ClassRequest  cdc_serial.o
    0x00003750   0x00003750   0x00000048   Code   RO         1548    i.VCOM_Init         cdc_serial.o
    0x00003798   0x00003798   0x0000006c   Code   RO         1549    i.VCOM_Tx           cdc_serial.o
    0x00003804   0x00003804   0x00000030   Code   RO         1789    i.__ARM_common_ll_muluu  c_p.l(btod.o)
    0x00003834   0x00003834   0x0000002c   Code   RO         1798    i.__ARM_fpclassify  m_ps.l(fpclassify.o)
    0x00003860   0x00003860   0x0000000e   Code   RO         1651    i._is_digit         c_p.l(__printf_wp.o)
    0x0000386e   0x0000386e   0x00000002   PAD
    0x00003870   0x00003870   0x00000020   Code   RO          332    i._sys_exit         retarget.o
    0x00003890   0x00003890   0x00000008   Code   RO          334    i.ferror            retarget.o
    0x00003898   0x00003898   0x00000010   Code   RO          336    i.fputc             retarget.o
    0x000038a8   0x000038a8   0x000000e4   Code   RO         1284    i.main              main.o
    0x0000398c   0x0000398c   0x00000068   Code   RO         1178    i.nrfP2p_InitNrf    nrf_p2p.o
    0x000039f4   0x000039f4   0x00000128   Code   RO         1179    i.nrfP2p_NewChannel  nrf_p2p.o
    0x00003b1c   0x00003b1c   0x00000158   Code   RO         1285    i.printReg          main.o
    0x00003c74   0x00003c74   0x000000a8   Code   RO          338    i.stackDump         retarget.o
    0x00003d1c   0x00003d1c   0x000000c4   Code   RO         1007    i.vMemAlloc         vmemalloc.o
    0x00003de0   0x00003de0   0x0000006c   Code   RO         1010    i.vMemInit          vmemalloc.o
    0x00003e4c   0x00003e4c   0x0000002e   Code   RO         1550    i.vcomPrintf        cdc_serial.o
    0x00003e7a   0x00003e7a   0x00000002   PAD
    0x00003e7c   0x00003e7c   0x0000002c   Code   RO         1794    locale$$code        c_p.l(lc_numeric_c.o)
    0x00003ea8   0x00003ea8   0x0000002c   Code   RO         1873    locale$$code        c_p.l(lc_ctype_c.o)
    0x00003ed4   0x00003ed4   0x00000010   Code   RO         1687    x$fpl$printf1       fz_ps.l(printf1.o)
    0x00003ee4   0x00003ee4   0x00000010   Code   RO         1744    x$fpl$printf2       fz_ps.l(printf2.o)
    0x00003ef4   0x00003ef4   0x00000000   Code   RO         1750    x$fpl$usenofp       fz_ps.l(usenofp.o)
    0x00003ef4   0x00003ef4   0x00000038   Data   RO          158    .constdata          clk.o
    0x00003f2c   0x00003f2c   0x00000030   Data   RO          785    .constdata          uart.o
    0x00003f5c   0x00003f5c   0x0000000a   Data   RO         1286    .constdata          main.o
    0x00003f66   0x00003f66   0x00000002   PAD
    0x00003f68   0x00003f68   0x00000034   Data   RO         1522    .constdata          descriptors.o
    0x00003f9c   0x00003f9c   0x00000028   Data   RO         1639    .constdata          c_p.l(_printf_hex_int_ll_ptr.o)
    0x00003fc4   0x00003fc4   0x00000011   Data   RO         1659    .constdata          c_p.l(__printf_flags_ss_wp.o)
    0x00003fd5   0x00003fd5   0x00000003   PAD
    0x00003fd8   0x00003fd8   0x00000008   Data   RO         1713    .constdata          c_p.l(_printf_wctomb.o)
    0x00003fe0   0x00003fe0   0x00000026   Data   RO         1776    .constdata          c_p.l(_printf_fp_hex.o)
    0x00004006   0x00004006   0x00000002   PAD
    0x00004008   0x00004008   0x00000094   Data   RO         1785    .constdata          c_p.l(bigflt0.o)
    0x0000409c   0x0000409c   0x00000020   Data   RO         1946    Region$$Table       anon$$obj.o
    0x000040bc   0x000040bc   0x0000001c   Data   RO         1793    locale$$data        c_p.l(lc_numeric_c.o)
    0x000040d8   0x000040d8   0x00000110   Data   RO         1872    locale$$data        c_p.l(lc_ctype_c.o)


    Execution Region ER_RW (Exec base: 0x20000000, Load base: 0x000041e8, Size: 0x00000180, Max: 0xffffffff, ABSOLUTE, COMPRESSED[0x000000bc])

    Exec Addr    Load Addr    Size         Type   Attr      Idx    E Section Name        Object

    0x20000000   COMPRESSED   0x0000002c   Data   RW            6    .data               system_nuc230_240.o
    0x2000002c   COMPRESSED   0x00000009   Data   RW          340    .data               retarget.o
    0x20000035   COMPRESSED   0x00000003   PAD
    0x20000038   COMPRESSED   0x00000049   Data   RW          904    .data               usbd.o
    0x20000081   COMPRESSED   0x00000003   PAD
    0x20000084   COMPRESSED   0x00000010   Data   RW         1013    .data               vmemalloc.o
    0x20000094   COMPRESSED   0x00000030   Data   RW         1287    .data               main.o
    0x200000c4   COMPRESSED   0x00000014   Data   RW         1434    .data               portable.o
    0x200000d8   COMPRESSED   0x0000009c   Data   RW         1523    .data               descriptors.o
    0x20000174   COMPRESSED   0x0000000b   Data   RW         1551    .data               cdc_serial.o


    Execution Region ER_ZI (Exec base: 0x20000180, Load base: 0x000042a4, Size: 0x000017f8, Max: 0xffffffff, ABSOLUTE)

    Exec Addr    Load Addr    Size         Type   Attr      Idx    E Section Name        Object

    0x20000180        -       0x00000010   Zero   RW          339    .bss                retarget.o
    0x20000190        -       0x00001388   Zero   RW         1012    .bss                vmemalloc.o
    0x20001518        -       0x00000060   Zero   RW         1801    .bss                c_p.l(libspace.o)
    0x20001578        -       0x00000000   Zero   RW          127    HEAP                startup_nuc230_240.o
    0x20001578        -       0x00000400   Zero   RW          126    STACK               startup_nuc230_240.o


==============================================================================

Image component sizes


      Code (inc. data)   RO Data    RW Data    ZI Data      Debug   Object Name

       880         56          0         11          0      11715   cdc_serial.o
      1280        140         56          0          0       7117   clk.o
         0          0         52        156          0       6658   descriptors.o
       152         24          0          0          0       1745   fifo.o
        72          0          0          0          0       1728   gpio.o
       216         50          0          0          0       1375   irq.o
       572        154         10         48          0      46977   main.o
       324          0          0          0          0      12373   nrf24l01.o
       400          0          0          0          0       2729   nrf_p2p.o
       188         34          0         20          0       3184   portable.o
       496         82          0          0          0      10086   project.o
       538        158          0          9         16     108392   retarget.o
       660         34          0          0          0       2535   spi.o
       100         46        192          0       1024        732   startup_nuc230_240.o
       230         40          0         44          0     128007   system_nuc230_240.o
       312         34         48          0          0       2196   uart.o
      2206        270          0         73          0      34096   usbd.o
       304         34          0         16       5000       3864   vmemalloc.o

    ----------------------------------------------------------------------
      8936       1156        392        384       6040     385509   Object Totals
         0          0         32          0          0          0   (incl. Generated)
         6          0          2          7          0          0   (incl. Padding)

    ----------------------------------------------------------------------

      Code (inc. data)   RO Data    RW Data    ZI Data      Debug   Library Member Name

        28          6          0          0          0         84   __2printf.o
        86          0          0          0          0          0   __dczerorl2.o
         8          0          0          0          0         68   __main.o
       392          6         17          0          0         76   __printf_flags_ss_wp.o
        14          0          0          0          0         60   __printf_wp.o
         0          0          0          0          0          0   __rtentry.o
        12          0          0          0          0          0   __rtentry2.o
         6          0          0          0          0          0   __rtentry4.o
        60          8          0          0          0          0   __scatter.o
        28          0          0          0          0          0   __scatter_zi.o
        10          0          0          0          0          0   _printf_a.o
        10          0          0          0          0          0   _printf_c.o
        46          0          0          0          0        100   _printf_char.o
        48          6          0          0          0         88   _printf_char_common.o
        40          6          0          0          0         72   _printf_char_file.o
        38          0          0          0          0         60   _printf_charcount.o
        10          0          0          0          0          0   _printf_d.o
       108         18          0          0          0         76   _printf_dec.o
        10          0          0          0          0          0   _printf_e.o
        10          0          0          0          0          0   _printf_f.o
      1048         14          0          0          0        176   _printf_fp_dec.o
       728         10         38          0          0         84   _printf_fp_hex.o
       136         16          0          0          0         76   _printf_fp_infnan.o
        10          0          0          0          0          0   _printf_g.o
       152          4         40          0          0        148   _printf_hex_int_ll_ptr.o
        10          0          0          0          0          0   _printf_i.o
       176          0          0          0          0         84   _printf_intcommon.o
        10          0          0          0          0          0   _printf_l.o
        10          0          0          0          0          0   _printf_lc.o
        10          0          0          0          0          0   _printf_ll.o
        10          0          0          0          0          0   _printf_lld.o
        10          0          0          0          0          0   _printf_lli.o
        10          0          0          0          0          0   _printf_llo.o
        10          0          0          0          0          0   _printf_llu.o
        10          0          0          0          0          0   _printf_llx.o
       112         18          0          0          0         76   _printf_longlong_dec.o
        10          0          0          0          0          0   _printf_ls.o
        10          0          0          0          0          0   _printf_n.o
        10          0          0          0          0          0   _printf_o.o
       112         10          0          0          0        112   _printf_oct_int_ll.o
        10          0          0          0          0          0   _printf_p.o
        78          0          0          0          0        100   _printf_pad.o
         2          0          0          0          0          0   _printf_percent.o
         4          0          0          0          0          0   _printf_percent_end.o
        10          0          0          0          0          0   _printf_s.o
        82          0          0          0          0         72   _printf_str.o
        36          0          0          0          0         76   _printf_truncate.o
        10          0          0          0          0          0   _printf_u.o
        46          0          0          0          0        100   _printf_wchar.o
       188          6          8          0          0         80   _printf_wctomb.o
        10          0          0          0          0          0   _printf_x.o
        10          0          0          0          0         60   _sputc.o
        64          0          0          0          0         72   _wcrtomb.o
       346          0          0          0          0         92   aeabi_sdiv.o
       216          6        148          0          0         80   bigflt0.o
      1456         30          0          0          0        336   btod.o
        16          0          0          0          0         68   exit.o
         6          0          0          0          0        136   heapauxi.o
        44         10        272          0          0         76   lc_ctype_c.o
        44         10         28          0          0         76   lc_numeric_c.o
         2          0          0          0          0          0   libinit.o
        30          0          0          0          0          0   libinit2.o
         2          0          0          0          0          0   libshutdown.o
         2          0          0          0          0          0   libshutdown2.o
         8          4          0          0         96         68   libspace.o
       122          0          0          0          0         72   lludiv10.o
        16          4          0          0          0         76   rt_ctype_table.o
         8          4          0          0          0         68   rt_locale_intlibspace.o
       186          0          0          0          0        144   rt_memcpy.o
         2          0          0          0          0          0   rtexit.o
        10          0          0          0          0          0   rtexit2.o
        40          0          0          0          0         60   rtudiv10.o
       136          4          0          0          0         72   strcmp.o
        62          0          0          0          0         80   sys_stackheap_outer.o
        36          4          0          0          0         68   vsprintf.o
        16          4          0          0          0         76   printf1.o
        16          4          0          0          0         76   printf2.o
         0          0          0          0          0          0   usenofp.o
        44          4          0          0          0         60   fpclassify.o

    ----------------------------------------------------------------------
      6988        216        556          0         96       3784   Library Totals
        14          0          5          0          0          0   (incl. Padding)

    ----------------------------------------------------------------------

      Code (inc. data)   RO Data    RW Data    ZI Data      Debug   Library Name

      6898        204        551          0         96       3572   c_p.l
        32          8          0          0          0        152   fz_ps.l
        44          4          0          0          0         60   m_ps.l

    ----------------------------------------------------------------------
      6988        216        556          0         96       3784   Library Totals

    ----------------------------------------------------------------------

==============================================================================


      Code (inc. data)   RO Data    RW Data    ZI Data      Debug   

     15924       1372        948        384       6136     383949   Grand Totals
     15924       1372        948        188       6136     383949   ELF Image Totals (compressed)
     15924       1372        948        188          0          0   ROM Totals

==============================================================================

    Total RO  Size (Code + RO Data)                16872 (  16.48kB)
    Total RW  Size (RW Data + ZI Data)              6520 (   6.37kB)
    Total ROM Size (Code + RO Data + RW Data)      17060 (  16.66kB)

==============================================================================

